Archive member included to satisfy reference by file (symbol)

/Applications/ArmGNUToolchain/12.3.rel1/arm-none-eabi/bin/../lib/gcc/arm-none-eabi/12.3.1/../../../../arm-none-eabi/lib/thumb/v7e-m+fp/hard/libc_nano.a(libc_a-atoi.o)
                              ./Debug/application.c.o (atoi)
/Applications/ArmGNUToolchain/12.3.rel1/arm-none-eabi/bin/../lib/gcc/arm-none-eabi/12.3.1/../../../../arm-none-eabi/lib/thumb/v7e-m+fp/hard/libc_nano.a(libc_a-snprintf.o)
                              ./Debug/application.c.o (snprintf)
/Applications/ArmGNUToolchain/12.3.rel1/arm-none-eabi/bin/../lib/gcc/arm-none-eabi/12.3.1/../../../../arm-none-eabi/lib/thumb/v7e-m+fp/hard/libc_nano.a(libc_a-strtol.o)
                              /Applications/ArmGNUToolchain/12.3.rel1/arm-none-eabi/bin/../lib/gcc/arm-none-eabi/12.3.1/../../../../arm-none-eabi/lib/thumb/v7e-m+fp/hard/libc_nano.a(libc_a-atoi.o) (_strtol_r)
/Applications/ArmGNUToolchain/12.3.rel1/arm-none-eabi/bin/../lib/gcc/arm-none-eabi/12.3.1/../../../../arm-none-eabi/lib/thumb/v7e-m+fp/hard/libc_nano.a(libc_a-impure.o)
                              /Applications/ArmGNUToolchain/12.3.rel1/arm-none-eabi/bin/../lib/gcc/arm-none-eabi/12.3.1/../../../../arm-none-eabi/lib/thumb/v7e-m+fp/hard/libc_nano.a(libc_a-snprintf.o) (_impure_ptr)
/Applications/ArmGNUToolchain/12.3.rel1/arm-none-eabi/bin/../lib/gcc/arm-none-eabi/12.3.1/../../../../arm-none-eabi/lib/thumb/v7e-m+fp/hard/libc_nano.a(libc_a-errno.o)
                              /Applications/ArmGNUToolchain/12.3.rel1/arm-none-eabi/bin/../lib/gcc/arm-none-eabi/12.3.1/../../../../arm-none-eabi/lib/thumb/v7e-m+fp/hard/libc_nano.a(libc_a-strtol.o) (__errno)
/Applications/ArmGNUToolchain/12.3.rel1/arm-none-eabi/bin/../lib/gcc/arm-none-eabi/12.3.1/../../../../arm-none-eabi/lib/thumb/v7e-m+fp/hard/libc_nano.a(libc_a-ctype_.o)
                              ./Debug/application.c.o (_ctype_)
/Applications/ArmGNUToolchain/12.3.rel1/arm-none-eabi/bin/../lib/gcc/arm-none-eabi/12.3.1/../../../../arm-none-eabi/lib/thumb/v7e-m+fp/hard/libc_nano.a(libc_a-nano-svfprintf.o)
                              /Applications/ArmGNUToolchain/12.3.rel1/arm-none-eabi/bin/../lib/gcc/arm-none-eabi/12.3.1/../../../../arm-none-eabi/lib/thumb/v7e-m+fp/hard/libc_nano.a(libc_a-snprintf.o) (_svfprintf_r)
/Applications/ArmGNUToolchain/12.3.rel1/arm-none-eabi/bin/../lib/gcc/arm-none-eabi/12.3.1/../../../../arm-none-eabi/lib/thumb/v7e-m+fp/hard/libc_nano.a(libc_a-mallocr.o)
                              /Applications/ArmGNUToolchain/12.3.rel1/arm-none-eabi/bin/../lib/gcc/arm-none-eabi/12.3.1/../../../../arm-none-eabi/lib/thumb/v7e-m+fp/hard/libc_nano.a(libc_a-nano-svfprintf.o) (_malloc_r)
/Applications/ArmGNUToolchain/12.3.rel1/arm-none-eabi/bin/../lib/gcc/arm-none-eabi/12.3.1/../../../../arm-none-eabi/lib/thumb/v7e-m+fp/hard/libc_nano.a(libc_a-nano-vfprintf_i.o)
                              /Applications/ArmGNUToolchain/12.3.rel1/arm-none-eabi/bin/../lib/gcc/arm-none-eabi/12.3.1/../../../../arm-none-eabi/lib/thumb/v7e-m+fp/hard/libc_nano.a(libc_a-nano-svfprintf.o) (_printf_i)
/Applications/ArmGNUToolchain/12.3.rel1/arm-none-eabi/bin/../lib/gcc/arm-none-eabi/12.3.1/../../../../arm-none-eabi/lib/thumb/v7e-m+fp/hard/libc_nano.a(libc_a-mlock.o)
                              /Applications/ArmGNUToolchain/12.3.rel1/arm-none-eabi/bin/../lib/gcc/arm-none-eabi/12.3.1/../../../../arm-none-eabi/lib/thumb/v7e-m+fp/hard/libc_nano.a(libc_a-mallocr.o) (__malloc_lock)
/Applications/ArmGNUToolchain/12.3.rel1/arm-none-eabi/bin/../lib/gcc/arm-none-eabi/12.3.1/../../../../arm-none-eabi/lib/thumb/v7e-m+fp/hard/libc_nano.a(libc_a-reallocr.o)
                              /Applications/ArmGNUToolchain/12.3.rel1/arm-none-eabi/bin/../lib/gcc/arm-none-eabi/12.3.1/../../../../arm-none-eabi/lib/thumb/v7e-m+fp/hard/libc_nano.a(libc_a-nano-svfprintf.o) (_realloc_r)
/Applications/ArmGNUToolchain/12.3.rel1/arm-none-eabi/bin/../lib/gcc/arm-none-eabi/12.3.1/../../../../arm-none-eabi/lib/thumb/v7e-m+fp/hard/libc_nano.a(libc_a-memmove.o)
                              /Applications/ArmGNUToolchain/12.3.rel1/arm-none-eabi/bin/../lib/gcc/arm-none-eabi/12.3.1/../../../../arm-none-eabi/lib/thumb/v7e-m+fp/hard/libc_nano.a(libc_a-nano-svfprintf.o) (memmove)
/Applications/ArmGNUToolchain/12.3.rel1/arm-none-eabi/bin/../lib/gcc/arm-none-eabi/12.3.1/../../../../arm-none-eabi/lib/thumb/v7e-m+fp/hard/libc_nano.a(libc_a-sbrkr.o)
                              /Applications/ArmGNUToolchain/12.3.rel1/arm-none-eabi/bin/../lib/gcc/arm-none-eabi/12.3.1/../../../../arm-none-eabi/lib/thumb/v7e-m+fp/hard/libc_nano.a(libc_a-mallocr.o) (_sbrk_r)
/Applications/ArmGNUToolchain/12.3.rel1/arm-none-eabi/bin/../lib/gcc/arm-none-eabi/12.3.1/../../../../arm-none-eabi/lib/thumb/v7e-m+fp/hard/libc_nano.a(libc_a-lock.o)
[...]
Memory Configuration

Name             Origin             Length             Attributes
RAM              0x20000000         0x0001c000         xrw
*default*        0x00000000         0xffffffff

Linker script and memory map

LOAD ./Debug/driver_src_stm32f4xx_exti.c.o
LOAD ./Debug/driver_src_stm32f4xx_usart.c.o
LOAD ./Debug/driver_src_stm32f4xx_can.c.o
LOAD ./Debug/driver_src_stm32f4xx_gpio.c.o
LOAD ./Debug/dispatch.s.o
LOAD ./Debug/driver_src_stm32f4xx_syscfg.c.o
LOAD ./Debug/sciTinyTimber.c.o
LOAD ./Debug/TinyTimber.c.o
LOAD ./Debug/driver_src_stm32f4xx_dac.c.o
LOAD ./Debug/driver_src_stm32f4xx_rcc.c.o
LOAD ./Debug/driver_src_stm32f4xx_tim.c.o
LOAD ./Debug/startup.c.o
LOAD ./Debug/application.c.o
LOAD ./Debug/canTinyTimber.c.o
START GROUP
LOAD /Applications/ArmGNUToolchain/12.3.rel1/arm-none-eabi/bin/../lib/gcc/arm-none-eabi/12.3.1/thumb/v7e-m+fp/hard/libgcc.a
LOAD /Applications/ArmGNUToolchain/12.3.rel1/arm-none-eabi/bin/../lib/gcc/arm-none-eabi/12.3.1/../../../../arm-none-eabi/lib/thumb/v7e-m+fp/hard/libc_nano.a
END GROUP
START GROUP
LOAD /Applications/ArmGNUToolchain/12.3.rel1/arm-none-eabi/bin/../lib/gcc/arm-none-eabi/12.3.1/thumb/v7e-m+fp/hard/libgcc.a
LOAD /Applications/ArmGNUToolchain/12.3.rel1/arm-none-eabi/bin/../lib/gcc/arm-none-eabi/12.3.1/../../../../arm-none-eabi/lib/thumb/v7e-m+fp/hard/libc_nano.a
END GROUP

.text           0x20000000     0x8654
                0x20000000                        . = ALIGN (0x4)
 *(.start_section)
 .start_section
                0x20000000       0x1c ./Debug/startup.c.o
                0x20000000                startup
 *(.text)
 .text          0x2000001c      0x210 ./Debug/driver_src_stm32f4xx_exti.c.o
                0x2000001c                EXTI_DeInit
                0x20000050                EXTI_Init
                0x20000134                EXTI_StructInit
                0x20000160                EXTI_GenerateSWInterrupt
                0x20000184                EXTI_GetFlagStatus
                0x200001b8                EXTI_ClearFlag
                0x200001d8                EXTI_GetITStatus
                0x2000020c                EXTI_ClearITPendingBit
 .text          0x2000022c      0x970 ./Debug/driver_src_stm32f4xx_usart.c.o
                0x2000022c                USART_DeInit
                0x20000344                USART_Init
                0x200004b8                USART_StructInit
                0x200004f2                USART_ClockInit
                0x20000548                USART_ClockStructInit
                0x20000574                USART_Cmd
                0x200005b4                USART_SetPrescaler
                0x200005ee                USART_OverSampling8Cmd
                0x20000632                USART_OneBitMethodCmd
                0x20000672                USART_SendData
                0x20000696                USART_ReceiveData
                0x200006b6                USART_SetAddress
                0x200006f0                USART_ReceiverWakeUpCmd
                0x20000730                USART_WakeUpConfig
                0x20000768                USART_LINBreakDetectLengthConfig
                0x200007a0                USART_LINCmd
                0x200007e0                USART_SendBreak
                0x20000804                USART_HalfDuplexCmd
                0x20000844                USART_SetGuardTime
                0x20000880                USART_SmartCardCmd
                0x200008c0                USART_SmartCardNACKCmd
                0x20000900                USART_IrDAConfig
                0x20000938                USART_IrDACmd
                0x20000978                USART_DMACmd
                0x200009c0                USART_ITConfig
                0x20000a50                USART_GetFlagStatus
                0x20000a88                USART_ClearFlag
                0x20000aaa                USART_GetITStatus
                0x20000b60                USART_ClearITPendingBit
 .text          0x20000b9c     0x11b4 ./Debug/driver_src_stm32f4xx_can.c.o
                0x20000b9c                CAN_DeInit
                0x20000be4                CAN_Init
                0x20000d86                CAN_FilterInit
                0x20000f0c                CAN_StructInit
                0x20000f62                CAN_SlaveStartBank
                0x20000fc4                CAN_DBGFreeze
                0x20000ffc                CAN_TTComModeCmd
                0x20001094                CAN_Transmit
                0x20001236                CAN_TransmitStatus
                0x2000133c                CAN_CancelTransmit
                0x20001394                CAN_Receive
                0x20001510                CAN_FIFORelease
                0x20001548                CAN_MessagePending
                0x20001592                CAN_OperatingModeRequest
                0x2000168e                CAN_Sleep
                0x200016c8                CAN_WakeUp
                0x2000171e                CAN_GetLastErrorCode
                0x20001744                CAN_GetReceiveErrorCounter
                0x20001766                CAN_GetLSBTransmitErrorCounter
                0x20001788                CAN_ITConfig
                0x200017c4                CAN_GetFlagStatus
                0x20001892                CAN_ClearFlag
                0x20001904                CAN_GetITStatus
                0x20001b68                CAN_ClearITPendingBit
 .text          0x20001d50      0x4d8 ./Debug/driver_src_stm32f4xx_gpio.c.o
                0x20001d50                GPIO_DeInit
                0x20001eb4                GPIO_Init
                0x20001fd2                GPIO_StructInit
                0x20002006                GPIO_PinLockConfig
                0x2000204a                GPIO_ReadInputDataBit
                0x2000207e                GPIO_ReadInputData
                0x20002098                GPIO_ReadOutputDataBit
                0x200020cc                GPIO_ReadOutputData
                0x200020e6                GPIO_SetBits
                0x20002104                GPIO_ResetBits
                0x20002122                GPIO_WriteBit
                0x20002152                GPIO_Write
                0x20002170                GPIO_ToggleBits
                0x20002194                GPIO_PinAFConfig
 .text          0x20002228       0xf4 ./Debug/dispatch.s.o
                0x20002228                vect_SVCall
                0x2000222c                vect_PendSV
 .text          0x2000231c      0x154 ./Debug/driver_src_stm32f4xx_syscfg.c.o
                0x2000231c                SYSCFG_DeInit
                0x20002338                SYSCFG_MemoryRemapConfig
                0x20002358                SYSCFG_MemorySwappingBank
                0x20002378                SYSCFG_EXTILineConfig
                0x200023fc                SYSCFG_ETH_MediaInterfaceConfig
                0x2000241c                SYSCFG_CompensationCellCmd
                0x2000243c                SYSCFG_GetCompensationCellStatus
 .text          0x20002470      0x294 ./Debug/sciTinyTimber.c.o
                0x200024f8                sci_init
                0x2000259e                sci_write
                0x200025f4                sci_writechar
                0x2000262a                sci_interrupt
 .text          0x20002704      0xf54 ./Debug/TinyTimber.c.o
                0x2000278c                DUMP
                0x200027c6                DUMPH
                0x20002824                DUMPD
                0x200028c8                sei
                0x200028e6                cli
                0x20002904                _sbrk
                0x20002948                SETSTACK
                0x200029b0                SETPC
                0x200029d4                TIMER_INIT
                0x20002a6c                DUMPC
                0x20002aa0                vect_USART1
                0x20002b08                vect_CAN1
                0x20002b70                vect_EXTI9_5
                0x20002bd8                enqueueByDeadline
                0x20002c30                enqueueByBaseline
                0x20002c88                dequeue
                0x20002cd8                dequeue_pool
                0x20002d28                insert
                0x20002d4c                push
                0x20002d70                pop
                0x20002df2                vect_TIM5
                0x20002e84                __svc_dispatch
                0x20002e94                __pendSV_dispatch
                0x20003004                async
                0x20003140                sync
                0x2000324c                ABORT
                0x20003300                T_RESET
                0x2000333c                T_SAMPLE
                0x2000337c                CURRENT_OFFSET
                0x20003528                install
                0x200035f4                tinytimber
 .text          0x20003658      0x450 ./Debug/driver_src_stm32f4xx_dac.c.o
                0x20003658                DAC_DeInit
                0x20003674                DAC_Init
                0x200036dc                DAC_StructInit
                0x20003708                DAC_Cmd
                0x20003754                DAC_SoftwareTriggerCmd
                0x200037a4                DAC_DualSoftwareTriggerCmd
                0x200037e0                DAC_WaveGenerationCmd
                0x2000382c                DAC_SetChannel1Data
                0x20003864                DAC_SetChannel2Data
                0x2000389c                DAC_SetDualChannelData
                0x200038f4                DAC_GetDataOutputValue
                0x20003928                DAC_DMACmd
                0x20003978                DAC_ITConfig
                0x200039c4                DAC_GetFlagStatus
                0x20003a00                DAC_ClearFlag
                0x20003a28                DAC_GetITStatus
                0x20003a80                DAC_ClearITPendingBit
 .text          0x20003aa8      0xcb0 ./Debug/driver_src_stm32f4xx_rcc.c.o
                0x20003aa8                RCC_DeInit
                0x20003b18                RCC_HSEConfig
                0x20003b40                RCC_WaitForHSEStartUp
                0x20003b90                RCC_AdjustHSICalibrationValue
                0x20003bcc                RCC_HSICmd
                0x20003bec                RCC_LSEConfig
                0x20003c30                RCC_LSICmd
                0x20003c50                RCC_PLLConfig
                0x20003c90                RCC_PLLCmd
                0x20003cb0                RCC_PLLI2SConfig
                0x20003cdc                RCC_PLLI2SCmd
                0x20003cfc                RCC_PLLSAIConfig
                0x20003d30                RCC_PLLSAICmd
                0x20003d50                RCC_ClockSecuritySystemCmd
                0x20003d70                RCC_MCO1Config
                0x20003db0                RCC_MCO2Config
                0x20003df0                RCC_SYSCLKConfig
                0x20003e28                RCC_GetSYSCLKSource
                0x20003e48                RCC_HCLKConfig
                0x20003e80                RCC_PCLK1Config
                0x20003eb8                RCC_PCLK2Config
                0x20003ef4                RCC_GetClocksFreq
                0x20004050                RCC_RTCCLKConfig
                0x200040ac                RCC_RTCCLKCmd
                0x200040cc                RCC_BackupResetCmd
                0x200040ec                RCC_I2SCLKConfig
                0x2000410c                RCC_SAIPLLI2SClkDivConfig
                0x2000414c                RCC_SAIPLLSAIClkDivConfig
                0x2000418c                RCC_SAIBlockACLKConfig
                0x200041c8                RCC_SAIBlockBCLKConfig
                0x20004204                RCC_LTDCCLKDivConfig
                0x20004240                RCC_TIMCLKPresConfig
                0x20004260                RCC_AHB1PeriphClockCmd
                0x200042a0                RCC_AHB2PeriphClockCmd
                0x200042e0                RCC_AHB3PeriphClockCmd
                0x20004320                RCC_APB1PeriphClockCmd
                0x20004360                RCC_APB2PeriphClockCmd
                0x200043a0                RCC_AHB1PeriphResetCmd
                0x200043e0                RCC_AHB2PeriphResetCmd
                0x20004420                RCC_AHB3PeriphResetCmd
                0x20004460                RCC_APB1PeriphResetCmd
                0x200044a0                RCC_APB2PeriphResetCmd
                0x200044e0                RCC_AHB1PeriphClockLPModeCmd
                0x20004520                RCC_AHB2PeriphClockLPModeCmd
                0x20004560                RCC_AHB3PeriphClockLPModeCmd
                0x200045a0                RCC_APB1PeriphClockLPModeCmd
                0x200045e0                RCC_APB2PeriphClockLPModeCmd
                0x20004620                RCC_ITConfig
                0x2000466c                RCC_GetFlagStatus
                0x200046e0                RCC_ClearFlag
                0x20004700                RCC_GetITStatus
                0x20004738                RCC_ClearITPendingBit
 .text          0x20004758     0x1c1c ./Debug/driver_src_stm32f4xx_tim.c.o
                0x20004758                TIM_DeInit
                0x20004918                TIM_TimeBaseInit
                0x200049f0                TIM_TimeBaseStructInit
                0x20004a24                TIM_PrescalerConfig
                0x20004a4c                TIM_CounterModeConfig
                0x20004a84                TIM_SetCounter
                0x20004aa0                TIM_SetAutoreload
                0x20004abc                TIM_GetCounter
                0x20004ad4                TIM_GetPrescaler
                0x20004aee                TIM_UpdateDisableConfig
                0x20004b2e                TIM_UpdateRequestConfig
                0x20004b6e                TIM_ARRPreloadConfig
                0x20004bae                TIM_SelectOnePulseMode
                0x20004be6                TIM_SetClockDivision
                0x20004c1e                TIM_Cmd
                0x20004c5e                TIM_OC1Init
                0x20004d54                TIM_OC2Init
                0x20004e64                TIM_OC3Init
                0x20004f70                TIM_OC4Init
                0x20005040                TIM_OCStructInit
                0x20005084                TIM_SelectOCxM
                0x2000513a                TIM_SetCompare1
                0x20005156                TIM_SetCompare2
                0x20005172                TIM_SetCompare3
                0x2000518e                TIM_SetCompare4
                0x200051aa                TIM_ForcedOC1Config
                0x200051e2                TIM_ForcedOC2Config
                0x2000521e                TIM_ForcedOC3Config
                0x20005256                TIM_ForcedOC4Config
                0x20005292                TIM_OC1PreloadConfig
                0x200052ca                TIM_OC2PreloadConfig
                0x20005306                TIM_OC3PreloadConfig
                0x2000533e                TIM_OC4PreloadConfig
                0x2000537a                TIM_OC1FastConfig
                0x200053b2                TIM_OC2FastConfig
                0x200053ee                TIM_OC3FastConfig
                0x20005426                TIM_OC4FastConfig
                0x20005462                TIM_ClearOC1Ref
                0x2000549a                TIM_ClearOC2Ref
                0x200054d6                TIM_ClearOC3Ref
                0x2000550e                TIM_ClearOC4Ref
                0x2000554a                TIM_OC1PolarityConfig
                0x20005582                TIM_OC1NPolarityConfig
                0x200055ba                TIM_OC2PolarityConfig
                0x200055f6                TIM_OC2NPolarityConfig
                0x20005632                TIM_OC3PolarityConfig
                0x2000566e                TIM_OC3NPolarityConfig
                0x200056aa                TIM_OC4PolarityConfig
                0x200056e6                TIM_CCxCmd
                0x2000573c                TIM_CCxNCmd
                0x20005792                TIM_ICInit
                0x2000583a                TIM_ICStructInit
                0x2000586c                TIM_PWMIConfig
                0x20005924                TIM_GetCapture1
                0x2000593c                TIM_GetCapture2
                0x20005954                TIM_GetCapture3
                0x2000596c                TIM_GetCapture4
                0x20005984                TIM_SetIC1Prescaler
                0x200059bc                TIM_SetIC2Prescaler
                0x200059f8                TIM_SetIC3Prescaler
                0x20005a30                TIM_SetIC4Prescaler
                0x20005a6c                TIM_BDTRConfig
                0x20005abc                TIM_BDTRStructInit
                0x20005afa                TIM_CtrlPWMOutputs
                0x20005b46                TIM_SelectCOM
                0x20005b86                TIM_CCPreloadControl
                0x20005bc6                TIM_ITConfig
                0x20005c0e                TIM_GenerateEvent
                0x20005c2c                TIM_GetFlagStatus
                0x20005c64                TIM_ClearFlag
                0x20005c86                TIM_GetITStatus
                0x20005cda                TIM_ClearITPendingBit
                0x20005cfc                TIM_DMAConfig
                0x20005d26                TIM_DMACmd
                0x20005d6e                TIM_SelectCCDMA
                0x20005dae                TIM_InternalClockConfig
                0x20005dd2                TIM_ITRxExternalClockConfig
                0x20005e00                TIM_TIxExternalClockConfig
                0x20005e5c                TIM_ETRClockMode1Config
                0x20005eba                TIM_ETRClockMode2Config
                0x20005ef8                TIM_SelectInputTrigger
                0x20005f30                TIM_SelectOutputTrigger
                0x20005f68                TIM_SelectSlaveMode
                0x20005fa0                TIM_SelectMasterSlaveMode
                0x20005fd8                TIM_ETRConfig
                0x2000602c                TIM_EncoderInterfaceConfig
                0x200060c4                TIM_SelectHallSensor
                0x20006104                TIM_RemapConfig
 .text          0x20006374      0x32c ./Debug/startup.c.o
 .text          0x200066a0      0x870 ./Debug/application.c.o
                0x200066a0                main
                0x200066e0                print
                0x20006718                print_raw
                0x20006750                start_app
                0x200067e4                can_action
                0x200068e4                send_can_action
                0x20006948                receiver
                0x200069a0                reader
                0x20006b6c                tone_tick
                0x20006bfc                toggle_music_mute
                0x20006c2c                toggle_mute
                0x20006c78                change_music_volume
                0x20006cac                change_volume
                0x20006cfa                change_tempo
                0x20006d28                change_key
                0x20006d58                set_frequency
                0x20006d76                toggle_is_playing
                0x20006dac                player_tick
                0x20006e94                get_period_from_frequency_indice
                0x20006eb8                get_frequencies_with_key_offset
 .text          0x20006f10      0x444 ./Debug/canTinyTimber.c.o
                0x20006f98                can_init
                0x20007058                can_interrupt
                0x200071e0                can_receive
                0x200072aa                can_send
 .text          0x20007354        0x0 /Applications/ArmGNUToolchain/12.3.rel1/arm-none-eabi/bin/../lib/gcc/arm-none-eabi/12.3.1/../../../../arm-none-eabi/lib/thumb/v7e-m+fp/hard/libc_nano.a(libc_a-atoi.o)
 .text          0x20007354        0x0 /Applications/ArmGNUToolchain/12.3.rel1/arm-none-eabi/bin/../lib/gcc/arm-none-eabi/12.3.1/../../../../arm-none-eabi/lib/thumb/v7e-m+fp/hard/libc_nano.a(libc_a-snprintf.o)
 .text          0x20007354        0x0 /Applications/ArmGNUToolchain/12.3.rel1/arm-none-eabi/bin/../lib/gcc/arm-none-eabi/12.3.1/../../../../arm-none-eabi/lib/thumb/v7e-m+fp/hard/libc_nano.a(libc_a-strtol.o)
 .text          0x20007354        0x0 /Applications/ArmGNUToolchain/12.3.rel1/arm-none-eabi/bin/../lib/gcc/arm-none-eabi/12.3.1/../../../../arm-none-eabi/lib/thumb/v7e-m+fp/hard/libc_nano.a(libc_a-impure.o)
 .text          0x20007354        0x0 /Applications/ArmGNUToolchain/12.3.rel1/arm-none-eabi/bin/../lib/gcc/arm-none-eabi/12.3.1/../../../../arm-none-eabi/lib/thumb/v7e-m+fp/hard/libc_nano.a(libc_a-errno.o)
 .text          0x20007354        0x0 /Applications/ArmGNUToolchain/12.3.rel1/arm-none-eabi/bin/../lib/gcc/arm-none-eabi/12.3.1/../../../../arm-none-eabi/lib/thumb/v7e-m+fp/hard/libc_nano.a(libc_a-ctype_.o)
 .text          0x20007354        0x0 /Applications/ArmGNUToolchain/12.3.rel1/arm-none-eabi/bin/../lib/gcc/arm-none-eabi/12.3.1/../../../../arm-none-eabi/lib/thumb/v7e-m+fp/hard/libc_nano.a(libc_a-nano-svfprintf.o)
 .text          0x20007354        0x0 /Applications/ArmGNUToolchain/12.3.rel1/arm-none-eabi/bin/../lib/gcc/arm-none-eabi/12.3.1/../../../../arm-none-eabi/lib/thumb/v7e-m+fp/hard/libc_nano.a(libc_a-mallocr.o)
 .text          0x20007354        0x0 /Applications/ArmGNUToolchain/12.3.rel1/arm-none-eabi/bin/../lib/gcc/arm-none-eabi/12.3.1/../../../../arm-none-eabi/lib/thumb/v7e-m+fp/hard/libc_nano.a(libc_a-nano-vfprintf_i.o)
 .text          0x20007354        0x0 /Applications/ArmGNUToolchain/12.3.rel1/arm-none-eabi/bin/../lib/gcc/arm-none-eabi/12.3.1/../../../../arm-none-eabi/lib/thumb/v7e-m+fp/hard/libc_nano.a(libc_a-mlock.o)
 .text          0x20007354        0x0 /Applications/ArmGNUToolchain/12.3.rel1/arm-none-eabi/bin/../lib/gcc/arm-none-eabi/12.3.1/../../../../arm-none-eabi/lib/thumb/v7e-m+fp/hard/libc_nano.a(libc_a-reallocr.o)
 .text          0x20007354        0x0 /Applications/ArmGNUToolchain/12.3.rel1/arm-none-eabi/bin/../lib/gcc/arm-none-eabi/12.3.1/../../../../arm-none-eabi/lib/thumb/v7e-m+fp/hard/libc_nano.a(libc_a-memmove.o)
 .text          0x20007354        0x0 /Applications/ArmGNUToolchain/12.3.rel1/arm-none-eabi/bin/../lib/gcc/arm-none-eabi/12.3.1/../../../../arm-none-eabi/lib/thumb/v7e-m+fp/hard/libc_nano.a(libc_a-sbrkr.o)
 .text          0x20007354        0x0 /Applications/ArmGNUToolchain/12.3.rel1/arm-none-eabi/bin/../lib/gcc/arm-none-eabi/12.3.1/../../../../arm-none-eabi/lib/thumb/v7e-m+fp/hard/libc_nano.a(libc_a-lock.o)
 *fill*         0x20007354        0xc 
 .text          0x20007360       0xa0 /Applications/ArmGNUToolchain/12.3.rel1/arm-none-eabi/bin/../lib/gcc/arm-none-eabi/12.3.1/../../../../arm-none-eabi/lib/thumb/v7e-m+fp/hard/libc_nano.a(libc_a-memchr.o)
                0x20007360                memchr
 .text          0x20007400        0x0 /Applications/ArmGNUToolchain/12.3.rel1/arm-none-eabi/bin/../lib/gcc/arm-none-eabi/12.3.1/../../../../arm-none-eabi/lib/thumb/v7e-m+fp/hard/libc_nano.a(libc_a-memcpy-stub.o)
 .text          0x20007400        0x0 /Applications/ArmGNUToolchain/12.3.rel1/arm-none-eabi/bin/../lib/gcc/arm-none-eabi/12.3.1/../../../../arm-none-eabi/lib/thumb/v7e-m+fp/hard/libc_nano.a(libc_a-freer.o)
 .text          0x20007400        0x0 /Applications/ArmGNUToolchain/12.3.rel1/arm-none-eabi/bin/../lib/gcc/arm-none-eabi/12.3.1/../../../../arm-none-eabi/lib/thumb/v7e-m+fp/hard/libc_nano.a(libc_a-msizer.o)
 .text          0x20007400        0x0 /Applications/ArmGNUToolchain/12.3.rel1/arm-none-eabi/bin/../lib/gcc/arm-none-eabi/12.3.1/../../../../arm-none-eabi/lib/thumb/v7e-m+fp/hard/libc_nano.a(libc_a-reent.o)
 *(.text.*)
 .text.atoi     0x20007400        0x8 /Applications/ArmGNUToolchain/12.3.rel1/arm-none-eabi/bin/../lib/gcc/arm-none-eabi/12.3.1/../../../../arm-none-eabi/lib/thumb/v7e-m+fp/hard/libc_nano.a(libc_a-atoi.o)
                0x20007400                atoi
 .text._atoi_r  0x20007408        0x8 /Applications/ArmGNUToolchain/12.3.rel1/arm-none-eabi/bin/../lib/gcc/arm-none-eabi/12.3.1/../../../../arm-none-eabi/lib/thumb/v7e-m+fp/hard/libc_nano.a(libc_a-atoi.o)
                0x20007408                _atoi_r
 .text._snprintf_r
                0x20007410       0x5e /Applications/ArmGNUToolchain/12.3.rel1/arm-none-eabi/bin/../lib/gcc/arm-none-eabi/12.3.1/../../../../arm-none-eabi/lib/thumb/v7e-m+fp/hard/libc_nano.a(libc_a-snprintf.o)
                0x20007410                _sniprintf_r
                0x20007410                _snprintf_r
 *fill*         0x2000746e        0x2 
 .text.snprintf
                0x20007470       0x68 /Applications/ArmGNUToolchain/12.3.rel1/arm-none-eabi/bin/../lib/gcc/arm-none-eabi/12.3.1/../../../../arm-none-eabi/lib/thumb/v7e-m+fp/hard/libc_nano.a(libc_a-snprintf.o)
                0x20007470                snprintf
                0x20007470                sniprintf
 .text._strtol_l.constprop.0
                0x200074d8       0xfc /Applications/ArmGNUToolchain/12.3.rel1/arm-none-eabi/bin/../lib/gcc/arm-none-eabi/12.3.1/../../../../arm-none-eabi/lib/thumb/v7e-m+fp/hard/libc_nano.a(libc_a-strtol.o)
 .text._strtol_r
                0x200075d4        0x4 /Applications/ArmGNUToolchain/12.3.rel1/arm-none-eabi/bin/../lib/gcc/arm-none-eabi/12.3.1/../../../../arm-none-eabi/lib/thumb/v7e-m+fp/hard/libc_nano.a(libc_a-strtol.o)
                0x200075d4                _strtol_r
 .text.strtol_l
                0x200075d8       0x14 /Applications/ArmGNUToolchain/12.3.rel1/arm-none-eabi/bin/../lib/gcc/arm-none-eabi/12.3.1/../../../../arm-none-eabi/lib/thumb/v7e-m+fp/hard/libc_nano.a(libc_a-strtol.o)
                0x200075d8                strtol_l
 .text.strtol   0x200075ec       0x14 /Applications/ArmGNUToolchain/12.3.rel1/arm-none-eabi/bin/../lib/gcc/arm-none-eabi/12.3.1/../../../../arm-none-eabi/lib/thumb/v7e-m+fp/hard/libc_nano.a(libc_a-strtol.o)
                0x200075ec                strtol
 .text.__errno  0x20007600        0xc /Applications/ArmGNUToolchain/12.3.rel1/arm-none-eabi/bin/../lib/gcc/arm-none-eabi/12.3.1/../../../../arm-none-eabi/lib/thumb/v7e-m+fp/hard/libc_nano.a(libc_a-errno.o)
                0x20007600                __errno
 .text.__ssputs_r
                0x2000760c       0xb6 /Applications/ArmGNUToolchain/12.3.rel1/arm-none-eabi/bin/../lib/gcc/arm-none-eabi/12.3.1/../../../../arm-none-eabi/lib/thumb/v7e-m+fp/hard/libc_nano.a(libc_a-nano-svfprintf.o)
                0x2000760c                __ssputs_r
 .text.__ssprint_r
                0x200076c2       0xfa /Applications/ArmGNUToolchain/12.3.rel1/arm-none-eabi/bin/../lib/gcc/arm-none-eabi/12.3.1/../../../../arm-none-eabi/lib/thumb/v7e-m+fp/hard/libc_nano.a(libc_a-nano-svfprintf.o)
                0x200076c2                __ssprint_r
 .text._svfprintf_r
                0x200077bc      0x1f8 /Applications/ArmGNUToolchain/12.3.rel1/arm-none-eabi/bin/../lib/gcc/arm-none-eabi/12.3.1/../../../../arm-none-eabi/lib/thumb/v7e-m+fp/hard/libc_nano.a(libc_a-nano-svfprintf.o)
                0x200077bc                _svfprintf_r
                0x200077bc                _svfiprintf_r
 .text.sbrk_aligned
                0x200079b4       0x44 /Applications/ArmGNUToolchain/12.3.rel1/arm-none-eabi/bin/../lib/gcc/arm-none-eabi/12.3.1/../../../../arm-none-eabi/lib/thumb/v7e-m+fp/hard/libc_nano.a(libc_a-mallocr.o)
 .text._malloc_r
                0x200079f8      0x100 /Applications/ArmGNUToolchain/12.3.rel1/arm-none-eabi/bin/../lib/gcc/arm-none-eabi/12.3.1/../../../../arm-none-eabi/lib/thumb/v7e-m+fp/hard/libc_nano.a(libc_a-mallocr.o)
                0x200079f8                _malloc_r
 .text._printf_common
                0x20007af8       0xda /Applications/ArmGNUToolchain/12.3.rel1/arm-none-eabi/bin/../lib/gcc/arm-none-eabi/12.3.1/../../../../arm-none-eabi/lib/thumb/v7e-m+fp/hard/libc_nano.a(libc_a-nano-vfprintf_i.o)
                0x20007af8                _printf_common
 *fill*         0x20007bd2        0x2 
 .text._printf_i
                0x20007bd4      0x258 /Applications/ArmGNUToolchain/12.3.rel1/arm-none-eabi/bin/../lib/gcc/arm-none-eabi/12.3.1/../../../../arm-none-eabi/lib/thumb/v7e-m+fp/hard/libc_nano.a(libc_a-nano-vfprintf_i.o)
                0x20007bd4                _printf_i
 .text.__malloc_lock
                0x20007e2c        0xc /Applications/ArmGNUToolchain/12.3.rel1/arm-none-eabi/bin/../lib/gcc/arm-none-eabi/12.3.1/../../../../arm-none-eabi/lib/thumb/v7e-m+fp/hard/libc_nano.a(libc_a-mlock.o)
                0x20007e2c                __malloc_lock
 .text.__malloc_unlock
                0x20007e38        0xc /Applications/ArmGNUToolchain/12.3.rel1/arm-none-eabi/bin/../lib/gcc/arm-none-eabi/12.3.1/../../../../arm-none-eabi/lib/thumb/v7e-m+fp/hard/libc_nano.a(libc_a-mlock.o)
                0x20007e38                __malloc_unlock
 .text._realloc_r
                0x20007e44       0x5c /Applications/ArmGNUToolchain/12.3.rel1/arm-none-eabi/bin/../lib/gcc/arm-none-eabi/12.3.1/../../../../arm-none-eabi/lib/thumb/v7e-m+fp/hard/libc_nano.a(libc_a-reallocr.o)
                0x20007e44                _realloc_r
 .text.memmove  0x20007ea0       0x34 /Applications/ArmGNUToolchain/12.3.rel1/arm-none-eabi/bin/../lib/gcc/arm-none-eabi/12.3.1/../../../../arm-none-eabi/lib/thumb/v7e-m+fp/hard/libc_nano.a(libc_a-memmove.o)
                0x20007ea0                memmove
 .text._sbrk_r  0x20007ed4       0x20 /Applications/ArmGNUToolchain/12.3.rel1/arm-none-eabi/bin/../lib/gcc/arm-none-eabi/12.3.1/../../../../arm-none-eabi/lib/thumb/v7e-m+fp/hard/libc_nano.a(libc_a-sbrkr.o)
                0x20007ed4                _sbrk_r
 .text.__retarget_lock_init
                0x20007ef4        0x2 /Applications/ArmGNUToolchain/12.3.rel1/arm-none-eabi/bin/../lib/gcc/arm-none-eabi/12.3.1/../../../../arm-none-eabi/lib/thumb/v7e-m+fp/hard/libc_nano.a(libc_a-lock.o)
                0x20007ef4                __retarget_lock_init
 .text.__retarget_lock_init_recursive
                0x20007ef6        0x2 /Applications/ArmGNUToolchain/12.3.rel1/arm-none-eabi/bin/../lib/gcc/arm-none-eabi/12.3.1/../../../../arm-none-eabi/lib/thumb/v7e-m+fp/hard/libc_nano.a(libc_a-lock.o)
                0x20007ef6                __retarget_lock_init_recursive
 .text.__retarget_lock_close
                0x20007ef8        0x2 /Applications/ArmGNUToolchain/12.3.rel1/arm-none-eabi/bin/../lib/gcc/arm-none-eabi/12.3.1/../../../../arm-none-eabi/lib/thumb/v7e-m+fp/hard/libc_nano.a(libc_a-lock.o)
                0x20007ef8                __retarget_lock_close
 .text.__retarget_lock_close_recursive
                0x20007efa        0x2 /Applications/ArmGNUToolchain/12.3.rel1/arm-none-eabi/bin/../lib/gcc/arm-none-eabi/12.3.1/../../../../arm-none-eabi/lib/thumb/v7e-m+fp/hard/libc_nano.a(libc_a-lock.o)
                0x20007efa                __retarget_lock_close_recursive
 .text.__retarget_lock_acquire
                0x20007efc        0x2 /Applications/ArmGNUToolchain/12.3.rel1/arm-none-eabi/bin/../lib/gcc/arm-none-eabi/12.3.1/../../../../arm-none-eabi/lib/thumb/v7e-m+fp/hard/libc_nano.a(libc_a-lock.o)
                0x20007efc                __retarget_lock_acquire
 .text.__retarget_lock_acquire_recursive
                0x20007efe        0x2 /Applications/ArmGNUToolchain/12.3.rel1/arm-none-eabi/bin/../lib/gcc/arm-none-eabi/12.3.1/../../../../arm-none-eabi/lib/thumb/v7e-m+fp/hard/libc_nano.a(libc_a-lock.o)
                0x20007efe                __retarget_lock_acquire_recursive
 .text.__retarget_lock_try_acquire
                0x20007f00        0x4 /Applications/ArmGNUToolchain/12.3.rel1/arm-none-eabi/bin/../lib/gcc/arm-none-eabi/12.3.1/../../../../arm-none-eabi/lib/thumb/v7e-m+fp/hard/libc_nano.a(libc_a-lock.o)
                0x20007f00                __retarget_lock_try_acquire
 .text.__retarget_lock_try_acquire_recursive
                0x20007f04        0x4 /Applications/ArmGNUToolchain/12.3.rel1/arm-none-eabi/bin/../lib/gcc/arm-none-eabi/12.3.1/../../../../arm-none-eabi/lib/thumb/v7e-m+fp/hard/libc_nano.a(libc_a-lock.o)
                0x20007f04                __retarget_lock_try_acquire_recursive
 .text.__retarget_lock_release
                0x20007f08        0x2 /Applications/ArmGNUToolchain/12.3.rel1/arm-none-eabi/bin/../lib/gcc/arm-none-eabi/12.3.1/../../../../arm-none-eabi/lib/thumb/v7e-m+fp/hard/libc_nano.a(libc_a-lock.o)
                0x20007f08                __retarget_lock_release
 .text.__retarget_lock_release_recursive
                0x20007f0a        0x2 /Applications/ArmGNUToolchain/12.3.rel1/arm-none-eabi/bin/../lib/gcc/arm-none-eabi/12.3.1/../../../../arm-none-eabi/lib/thumb/v7e-m+fp/hard/libc_nano.a(libc_a-lock.o)
                0x20007f0a                __retarget_lock_release_recursive
 .text.memcpy   0x20007f0c       0x1c /Applications/ArmGNUToolchain/12.3.rel1/arm-none-eabi/bin/../lib/gcc/arm-none-eabi/12.3.1/../../../../arm-none-eabi/lib/thumb/v7e-m+fp/hard/libc_nano.a(libc_a-memcpy-stub.o)
                0x20007f0c                memcpy
 .text._free_r  0x20007f28       0x94 /Applications/ArmGNUToolchain/12.3.rel1/arm-none-eabi/bin/../lib/gcc/arm-none-eabi/12.3.1/../../../../arm-none-eabi/lib/thumb/v7e-m+fp/hard/libc_nano.a(libc_a-freer.o)
                0x20007f28                _free_r
 .text._malloc_usable_size_r
                0x20007fbc       0x10 /Applications/ArmGNUToolchain/12.3.rel1/arm-none-eabi/bin/../lib/gcc/arm-none-eabi/12.3.1/../../../../arm-none-eabi/lib/thumb/v7e-m+fp/hard/libc_nano.a(libc_a-msizer.o)
                0x20007fbc                _malloc_usable_size_r
 .text._reclaim_reent
                0x20007fcc       0xac /Applications/ArmGNUToolchain/12.3.rel1/arm-none-eabi/bin/../lib/gcc/arm-none-eabi/12.3.1/../../../../arm-none-eabi/lib/thumb/v7e-m+fp/hard/libc_nano.a(libc_a-reent.o)
                0x20007fcc                _reclaim_reent
 *(.rodata)
 .rodata        0x20008078       0x81 ./Debug/TinyTimber.c.o
 *fill*         0x200080f9        0x3 
 .rodata        0x200080fc      0x36d ./Debug/application.c.o
                0x200080fc                MELODY_FREQUENCY_INDICES
                0x2000817c                FREQUENCY_PERIODS
                0x200081e0                MELODY_BEATS
 *fill*         0x20008469        0x3 
 .rodata        0x2000846c       0xb2 ./Debug/canTinyTimber.c.o
 *(.rodata*)
 .rodata._ctype_
                0x2000851e      0x101 /Applications/ArmGNUToolchain/12.3.rel1/arm-none-eabi/bin/../lib/gcc/arm-none-eabi/12.3.1/../../../../arm-none-eabi/lib/thumb/v7e-m+fp/hard/libc_nano.a(libc_a-ctype_.o)
                0x2000851e                _ctype_
 .rodata._svfprintf_r.str1.1
                0x2000861f       0x11 /Applications/ArmGNUToolchain/12.3.rel1/arm-none-eabi/bin/../lib/gcc/arm-none-eabi/12.3.1/../../../../arm-none-eabi/lib/thumb/v7e-m+fp/hard/libc_nano.a(libc_a-nano-svfprintf.o)
 .rodata._printf_i.str1.1
                0x20008630       0x22 /Applications/ArmGNUToolchain/12.3.rel1/arm-none-eabi/bin/../lib/gcc/arm-none-eabi/12.3.1/../../../../arm-none-eabi/lib/thumb/v7e-m+fp/hard/libc_nano.a(libc_a-nano-vfprintf_i.o)
 *(.glue_7)
 .glue_7        0x20008652        0x0 linker stubs
 *(.glue_7t)
 .glue_7t       0x20008652        0x0 linker stubs
                0x20008654                        . = ALIGN (0x4)
 *fill*         0x20008652        0x2 

.ARM.extab      0x20008654        0x0
 .ARM.extab     0x20008654        0x0 /Applications/ArmGNUToolchain/12.3.rel1/arm-none-eabi/bin/../lib/gcc/arm-none-eabi/12.3.1/../../../../arm-none-eabi/lib/thumb/v7e-m+fp/hard/libc_nano.a(libc_a-memchr.o)

.ARM.exidx      0x20008654        0x8
 .ARM.exidx     0x20008654        0x8 /Applications/ArmGNUToolchain/12.3.rel1/arm-none-eabi/bin/../lib/gcc/arm-none-eabi/12.3.1/../../../../arm-none-eabi/lib/thumb/v7e-m+fp/hard/libc_nano.a(libc_a-memchr.o)

.eh_frame       0x2000865c       0x50
 .eh_frame      0x2000865c       0x50 /Applications/ArmGNUToolchain/12.3.rel1/arm-none-eabi/bin/../lib/gcc/arm-none-eabi/12.3.1/../../../../arm-none-eabi/lib/thumb/v7e-m+fp/hard/libc_nano.a(libc_a-memchr.o)

.vfp11_veneer   0x200086ac        0x0
 .vfp11_veneer  0x200086ac        0x0 linker stubs

.v4_bx          0x200086ac        0x0
 .v4_bx         0x200086ac        0x0 linker stubs

.iplt           0x200086ac        0x0
 .iplt          0x200086ac        0x0 ./Debug/driver_src_stm32f4xx_usart.c.o

.rel.dyn        0x200086ac        0x0
 .rel.iplt      0x200086ac        0x0 ./Debug/driver_src_stm32f4xx_usart.c.o

.data           0x200086ac      0x5d8
                0x200086ac                        . = ALIGN (0x4)
 *(.data)
 .data          0x200086ac        0x0 ./Debug/driver_src_stm32f4xx_exti.c.o
 .data          0x200086ac        0x0 ./Debug/driver_src_stm32f4xx_usart.c.o
 .data          0x200086ac        0x0 ./Debug/driver_src_stm32f4xx_can.c.o
 .data          0x200086ac        0x0 ./Debug/driver_src_stm32f4xx_gpio.c.o
 .data          0x200086ac       0x84 ./Debug/dispatch.s.o
 .data          0x20008730        0x0 ./Debug/driver_src_stm32f4xx_syscfg.c.o
 .data          0x20008730        0x0 ./Debug/sciTinyTimber.c.o
 .data          0x20008730       0x24 ./Debug/TinyTimber.c.o
                0x20008730                hex
                0x20008744                msgPool
                0x20008748                threadPool
                0x2000874c                activeStack
                0x20008750                current
 .data          0x20008754        0x0 ./Debug/driver_src_stm32f4xx_dac.c.o
 .data          0x20008754       0x10 ./Debug/driver_src_stm32f4xx_rcc.c.o
 .data          0x20008764        0x0 ./Debug/driver_src_stm32f4xx_tim.c.o
 .data          0x20008764        0x0 ./Debug/startup.c.o
 .data          0x20008764      0x4d0 ./Debug/application.c.o
                0x20008764                DAC_ADDRESS
                0x20008768                music_player
                0x20008780                tone_generator
                0x2000879c                sci0
                0x20008bbc                can0
 .data          0x20008c34        0x0 ./Debug/canTinyTimber.c.o
 .data          0x20008c34        0x0 /Applications/ArmGNUToolchain/12.3.rel1/arm-none-eabi/bin/../lib/gcc/arm-none-eabi/12.3.1/../../../../arm-none-eabi/lib/thumb/v7e-m+fp/hard/libc_nano.a(libc_a-atoi.o)
 .data          0x20008c34        0x0 /Applications/ArmGNUToolchain/12.3.rel1/arm-none-eabi/bin/../lib/gcc/arm-none-eabi/12.3.1/../../../../arm-none-eabi/lib/thumb/v7e-m+fp/hard/libc_nano.a(libc_a-snprintf.o)
 .data          0x20008c34        0x0 /Applications/ArmGNUToolchain/12.3.rel1/arm-none-eabi/bin/../lib/gcc/arm-none-eabi/12.3.1/../../../../arm-none-eabi/lib/thumb/v7e-m+fp/hard/libc_nano.a(libc_a-strtol.o)
 .data          0x20008c34        0x0 /Applications/ArmGNUToolchain/12.3.rel1/arm-none-eabi/bin/../lib/gcc/arm-none-eabi/12.3.1/../../../../arm-none-eabi/lib/thumb/v7e-m+fp/hard/libc_nano.a(libc_a-impure.o)
 .data          0x20008c34        0x0 /Applications/ArmGNUToolchain/12.3.rel1/arm-none-eabi/bin/../lib/gcc/arm-none-eabi/12.3.1/../../../../arm-none-eabi/lib/thumb/v7e-m+fp/hard/libc_nano.a(libc_a-errno.o)
 .data          0x20008c34        0x0 /Applications/ArmGNUToolchain/12.3.rel1/arm-none-eabi/bin/../lib/gcc/arm-none-eabi/12.3.1/../../../../arm-none-eabi/lib/thumb/v7e-m+fp/hard/libc_nano.a(libc_a-ctype_.o)
 .data          0x20008c34        0x0 /Applications/ArmGNUToolchain/12.3.rel1/arm-none-eabi/bin/../lib/gcc/arm-none-eabi/12.3.1/../../../../arm-none-eabi/lib/thumb/v7e-m+fp/hard/libc_nano.a(libc_a-nano-svfprintf.o)
 .data          0x20008c34        0x0 /Applications/ArmGNUToolchain/12.3.rel1/arm-none-eabi/bin/../lib/gcc/arm-none-eabi/12.3.1/../../../../arm-none-eabi/lib/thumb/v7e-m+fp/hard/libc_nano.a(libc_a-mallocr.o)
 .data          0x20008c34        0x0 /Applications/ArmGNUToolchain/12.3.rel1/arm-none-eabi/bin/../lib/gcc/arm-none-eabi/12.3.1/../../../../arm-none-eabi/lib/thumb/v7e-m+fp/hard/libc_nano.a(libc_a-nano-vfprintf_i.o)
 .data          0x20008c34        0x0 /Applications/ArmGNUToolchain/12.3.rel1/arm-none-eabi/bin/../lib/gcc/arm-none-eabi/12.3.1/../../../../arm-none-eabi/lib/thumb/v7e-m+fp/hard/libc_nano.a(libc_a-mlock.o)
 .data          0x20008c34        0x0 /Applications/ArmGNUToolchain/12.3.rel1/arm-none-eabi/bin/../lib/gcc/arm-none-eabi/12.3.1/../../../../arm-none-eabi/lib/thumb/v7e-m+fp/hard/libc_nano.a(libc_a-reallocr.o)
 .data          0x20008c34        0x0 /Applications/ArmGNUToolchain/12.3.rel1/arm-none-eabi/bin/../lib/gcc/arm-none-eabi/12.3.1/../../../../arm-none-eabi/lib/thumb/v7e-m+fp/hard/libc_nano.a(libc_a-memmove.o)
 .data          0x20008c34        0x0 /Applications/ArmGNUToolchain/12.3.rel1/arm-none-eabi/bin/../lib/gcc/arm-none-eabi/12.3.1/../../../../arm-none-eabi/lib/thumb/v7e-m+fp/hard/libc_nano.a(libc_a-sbrkr.o)
 .data          0x20008c34        0x0 /Applications/ArmGNUToolchain/12.3.rel1/arm-none-eabi/bin/../lib/gcc/arm-none-eabi/12.3.1/../../../../arm-none-eabi/lib/thumb/v7e-m+fp/hard/libc_nano.a(libc_a-lock.o)
 .data          0x20008c34        0x0 /Applications/ArmGNUToolchain/12.3.rel1/arm-none-eabi/bin/../lib/gcc/arm-none-eabi/12.3.1/../../../../arm-none-eabi/lib/thumb/v7e-m+fp/hard/libc_nano.a(libc_a-memchr.o)
 .data          0x20008c34        0x0 /Applications/ArmGNUToolchain/12.3.rel1/arm-none-eabi/bin/../lib/gcc/arm-none-eabi/12.3.1/../../../../arm-none-eabi/lib/thumb/v7e-m+fp/hard/libc_nano.a(libc_a-memcpy-stub.o)
 .data          0x20008c34        0x0 /Applications/ArmGNUToolchain/12.3.rel1/arm-none-eabi/bin/../lib/gcc/arm-none-eabi/12.3.1/../../../../arm-none-eabi/lib/thumb/v7e-m+fp/hard/libc_nano.a(libc_a-freer.o)
 .data          0x20008c34        0x0 /Applications/ArmGNUToolchain/12.3.rel1/arm-none-eabi/bin/../lib/gcc/arm-none-eabi/12.3.1/../../../../arm-none-eabi/lib/thumb/v7e-m+fp/hard/libc_nano.a(libc_a-msizer.o)
 .data          0x20008c34        0x0 /Applications/ArmGNUToolchain/12.3.rel1/arm-none-eabi/bin/../lib/gcc/arm-none-eabi/12.3.1/../../../../arm-none-eabi/lib/thumb/v7e-m+fp/hard/libc_nano.a(libc_a-reent.o)
 *(.data.*)
 .data._impure_ptr
                0x20008c34        0x4 /Applications/ArmGNUToolchain/12.3.rel1/arm-none-eabi/bin/../lib/gcc/arm-none-eabi/12.3.1/../../../../arm-none-eabi/lib/thumb/v7e-m+fp/hard/libc_nano.a(libc_a-impure.o)
                0x20008c34                _impure_ptr
 .data._impure_data
                0x20008c38       0x4c /Applications/ArmGNUToolchain/12.3.rel1/arm-none-eabi/bin/../lib/gcc/arm-none-eabi/12.3.1/../../../../arm-none-eabi/lib/thumb/v7e-m+fp/hard/libc_nano.a(libc_a-impure.o)
                0x20008c38                _impure_data
                0x20008c84                        . = ALIGN (0x4)

.igot.plt       0x20008c84        0x0
 .igot.plt      0x20008c84        0x0 ./Debug/driver_src_stm32f4xx_usart.c.o

.bss            0x20008c88     0x8414
                0x20008c88                        . = ALIGN (0x4)
                0x20008c88                        _sbss = .
 *(.bss)
 .bss           0x20008c88        0x0 ./Debug/driver_src_stm32f4xx_exti.c.o
 .bss           0x20008c88        0x0 ./Debug/driver_src_stm32f4xx_usart.c.o
 .bss           0x20008c88        0x0 ./Debug/driver_src_stm32f4xx_can.c.o
 .bss           0x20008c88        0x0 ./Debug/driver_src_stm32f4xx_gpio.c.o
 .bss           0x20008c88        0x0 ./Debug/dispatch.s.o
 .bss           0x20008c88        0x0 ./Debug/driver_src_stm32f4xx_syscfg.c.o
 .bss           0x20008c88        0x0 ./Debug/sciTinyTimber.c.o
 .bss           0x20008c88     0x8370 ./Debug/TinyTimber.c.o
                0x20008c88                __heap_end
                0x20008c8c                messages
                0x20008f5c                threads
                0x20008fb0                stacks
                0x20010fb0                thread0
                0x20010fc4                msgQ
                0x20010fc8                timerQ
                0x20010fcc                runAsHardware
                0x20010fd0                doIRQSchedule
                0x20010fd4                timestamp
                0x20010fd8                overflows
                0x20010fdc                upcoming
                0x20010fe0                mtable
                0x20010fec                otable
 .bss           0x20010ff8        0x0 ./Debug/driver_src_stm32f4xx_dac.c.o
 .bss           0x20010ff8        0x0 ./Debug/driver_src_stm32f4xx_rcc.c.o
 .bss           0x20010ff8        0x0 ./Debug/driver_src_stm32f4xx_tim.c.o
 .bss           0x20010ff8        0x0 ./Debug/startup.c.o
 .bss           0x20010ff8       0x90 ./Debug/application.c.o
                0x20010ff8                app
 .bss           0x20011088        0x0 ./Debug/canTinyTimber.c.o
 .bss           0x20011088        0x0 /Applications/ArmGNUToolchain/12.3.rel1/arm-none-eabi/bin/../lib/gcc/arm-none-eabi/12.3.1/../../../../arm-none-eabi/lib/thumb/v7e-m+fp/hard/libc_nano.a(libc_a-atoi.o)
 .bss           0x20011088        0x0 /Applications/ArmGNUToolchain/12.3.rel1/arm-none-eabi/bin/../lib/gcc/arm-none-eabi/12.3.1/../../../../arm-none-eabi/lib/thumb/v7e-m+fp/hard/libc_nano.a(libc_a-snprintf.o)
 .bss           0x20011088        0x0 /Applications/ArmGNUToolchain/12.3.rel1/arm-none-eabi/bin/../lib/gcc/arm-none-eabi/12.3.1/../../../../arm-none-eabi/lib/thumb/v7e-m+fp/hard/libc_nano.a(libc_a-strtol.o)
 .bss           0x20011088        0x0 /Applications/ArmGNUToolchain/12.3.rel1/arm-none-eabi/bin/../lib/gcc/arm-none-eabi/12.3.1/../../../../arm-none-eabi/lib/thumb/v7e-m+fp/hard/libc_nano.a(libc_a-impure.o)
 .bss           0x20011088        0x0 /Applications/ArmGNUToolchain/12.3.rel1/arm-none-eabi/bin/../lib/gcc/arm-none-eabi/12.3.1/../../../../arm-none-eabi/lib/thumb/v7e-m+fp/hard/libc_nano.a(libc_a-errno.o)
 .bss           0x20011088        0x0 /Applications/ArmGNUToolchain/12.3.rel1/arm-none-eabi/bin/../lib/gcc/arm-none-eabi/12.3.1/../../../../arm-none-eabi/lib/thumb/v7e-m+fp/hard/libc_nano.a(libc_a-ctype_.o)
 .bss           0x20011088        0x0 /Applications/ArmGNUToolchain/12.3.rel1/arm-none-eabi/bin/../lib/gcc/arm-none-eabi/12.3.1/../../../../arm-none-eabi/lib/thumb/v7e-m+fp/hard/libc_nano.a(libc_a-nano-svfprintf.o)
 .bss           0x20011088        0x0 /Applications/ArmGNUToolchain/12.3.rel1/arm-none-eabi/bin/../lib/gcc/arm-none-eabi/12.3.1/../../../../arm-none-eabi/lib/thumb/v7e-m+fp/hard/libc_nano.a(libc_a-mallocr.o)
 .bss           0x20011088        0x0 /Applications/ArmGNUToolchain/12.3.rel1/arm-none-eabi/bin/../lib/gcc/arm-none-eabi/12.3.1/../../../../arm-none-eabi/lib/thumb/v7e-m+fp/hard/libc_nano.a(libc_a-nano-vfprintf_i.o)
 .bss           0x20011088        0x0 /Applications/ArmGNUToolchain/12.3.rel1/arm-none-eabi/bin/../lib/gcc/arm-none-eabi/12.3.1/../../../../arm-none-eabi/lib/thumb/v7e-m+fp/hard/libc_nano.a(libc_a-mlock.o)
 .bss           0x20011088        0x0 /Applications/ArmGNUToolchain/12.3.rel1/arm-none-eabi/bin/../lib/gcc/arm-none-eabi/12.3.1/../../../../arm-none-eabi/lib/thumb/v7e-m+fp/hard/libc_nano.a(libc_a-reallocr.o)
 .bss           0x20011088        0x0 /Applications/ArmGNUToolchain/12.3.rel1/arm-none-eabi/bin/../lib/gcc/arm-none-eabi/12.3.1/../../../../arm-none-eabi/lib/thumb/v7e-m+fp/hard/libc_nano.a(libc_a-memmove.o)
 .bss           0x20011088        0x0 /Applications/ArmGNUToolchain/12.3.rel1/arm-none-eabi/bin/../lib/gcc/arm-none-eabi/12.3.1/../../../../arm-none-eabi/lib/thumb/v7e-m+fp/hard/libc_nano.a(libc_a-sbrkr.o)
 .bss           0x20011088        0x0 /Applications/ArmGNUToolchain/12.3.rel1/arm-none-eabi/bin/../lib/gcc/arm-none-eabi/12.3.1/../../../../arm-none-eabi/lib/thumb/v7e-m+fp/hard/libc_nano.a(libc_a-lock.o)
 .bss           0x20011088        0x0 /Applications/ArmGNUToolchain/12.3.rel1/arm-none-eabi/bin/../lib/gcc/arm-none-eabi/12.3.1/../../../../arm-none-eabi/lib/thumb/v7e-m+fp/hard/libc_nano.a(libc_a-memchr.o)
 .bss           0x20011088        0x0 /Applications/ArmGNUToolchain/12.3.rel1/arm-none-eabi/bin/../lib/gcc/arm-none-eabi/12.3.1/../../../../arm-none-eabi/lib/thumb/v7e-m+fp/hard/libc_nano.a(libc_a-memcpy-stub.o)
 .bss           0x20011088        0x0 /Applications/ArmGNUToolchain/12.3.rel1/arm-none-eabi/bin/../lib/gcc/arm-none-eabi/12.3.1/../../../../arm-none-eabi/lib/thumb/v7e-m+fp/hard/libc_nano.a(libc_a-freer.o)
 .bss           0x20011088        0x0 /Applications/ArmGNUToolchain/12.3.rel1/arm-none-eabi/bin/../lib/gcc/arm-none-eabi/12.3.1/../../../../arm-none-eabi/lib/thumb/v7e-m+fp/hard/libc_nano.a(libc_a-msizer.o)
 .bss           0x20011088        0x0 /Applications/ArmGNUToolchain/12.3.rel1/arm-none-eabi/bin/../lib/gcc/arm-none-eabi/12.3.1/../../../../arm-none-eabi/lib/thumb/v7e-m+fp/hard/libc_nano.a(libc_a-reent.o)
 *(.bss.*)
 .bss.__malloc_sbrk_start
                0x20011088        0x4 /Applications/ArmGNUToolchain/12.3.rel1/arm-none-eabi/bin/../lib/gcc/arm-none-eabi/12.3.1/../../../../arm-none-eabi/lib/thumb/v7e-m+fp/hard/libc_nano.a(libc_a-mallocr.o)
                0x20011088                __malloc_sbrk_start
 .bss.__malloc_free_list
                0x2001108c        0x4 /Applications/ArmGNUToolchain/12.3.rel1/arm-none-eabi/bin/../lib/gcc/arm-none-eabi/12.3.1/../../../../arm-none-eabi/lib/thumb/v7e-m+fp/hard/libc_nano.a(libc_a-mallocr.o)
                0x2001108c                __malloc_free_list
 .bss.__lock___arc4random_mutex
                0x20011090        0x1 /Applications/ArmGNUToolchain/12.3.rel1/arm-none-eabi/bin/../lib/gcc/arm-none-eabi/12.3.1/../../../../arm-none-eabi/lib/thumb/v7e-m+fp/hard/libc_nano.a(libc_a-lock.o)
                0x20011090                __lock___arc4random_mutex
 .bss.__lock___dd_hash_mutex
                0x20011091        0x1 /Applications/ArmGNUToolchain/12.3.rel1/arm-none-eabi/bin/../lib/gcc/arm-none-eabi/12.3.1/../../../../arm-none-eabi/lib/thumb/v7e-m+fp/hard/libc_nano.a(libc_a-lock.o)
                0x20011091                __lock___dd_hash_mutex
 .bss.__lock___tz_mutex
                0x20011092        0x1 /Applications/ArmGNUToolchain/12.3.rel1/arm-none-eabi/bin/../lib/gcc/arm-none-eabi/12.3.1/../../../../arm-none-eabi/lib/thumb/v7e-m+fp/hard/libc_nano.a(libc_a-lock.o)
                0x20011092                __lock___tz_mutex
 .bss.__lock___env_recursive_mutex
                0x20011093        0x1 /Applications/ArmGNUToolchain/12.3.rel1/arm-none-eabi/bin/../lib/gcc/arm-none-eabi/12.3.1/../../../../arm-none-eabi/lib/thumb/v7e-m+fp/hard/libc_nano.a(libc_a-lock.o)
                0x20011093                __lock___env_recursive_mutex
 .bss.__lock___malloc_recursive_mutex
                0x20011094        0x1 /Applications/ArmGNUToolchain/12.3.rel1/arm-none-eabi/bin/../lib/gcc/arm-none-eabi/12.3.1/../../../../arm-none-eabi/lib/thumb/v7e-m+fp/hard/libc_nano.a(libc_a-lock.o)
                0x20011094                __lock___malloc_recursive_mutex
 .bss.__lock___at_quick_exit_mutex
                0x20011095        0x1 /Applications/ArmGNUToolchain/12.3.rel1/arm-none-eabi/bin/../lib/gcc/arm-none-eabi/12.3.1/../../../../arm-none-eabi/lib/thumb/v7e-m+fp/hard/libc_nano.a(libc_a-lock.o)
                0x20011095                __lock___at_quick_exit_mutex
 .bss.__lock___atexit_recursive_mutex
                0x20011096        0x1 /Applications/ArmGNUToolchain/12.3.rel1/arm-none-eabi/bin/../lib/gcc/arm-none-eabi/12.3.1/../../../../arm-none-eabi/lib/thumb/v7e-m+fp/hard/libc_nano.a(libc_a-lock.o)
                0x20011096                __lock___atexit_recursive_mutex
 .bss.__lock___sfp_recursive_mutex
                0x20011097        0x1 /Applications/ArmGNUToolchain/12.3.rel1/arm-none-eabi/bin/../lib/gcc/arm-none-eabi/12.3.1/../../../../arm-none-eabi/lib/thumb/v7e-m+fp/hard/libc_nano.a(libc_a-lock.o)
                0x20011097                __lock___sfp_recursive_mutex
 .bss.errno     0x20011098        0x4 /Applications/ArmGNUToolchain/12.3.rel1/arm-none-eabi/bin/../lib/gcc/arm-none-eabi/12.3.1/../../../../arm-none-eabi/lib/thumb/v7e-m+fp/hard/libc_nano.a(libc_a-reent.o)
                0x20011098                errno
 *(COMMON)
                0x2001109c                        . = ALIGN (0x4)
                0x2001109c                        _ebss = .
                0x2001109c                        PROVIDE (end = _ebss)
                [!provide]                        PROVIDE (_end = _ebss)
OUTPUT(./Debug/RTS-Lab.elf elf32-littlearm)
LOAD linker stubs

.debug_info     0x00000000     0x9d75
 .debug_info    0x00000000      0x31b ./Debug/driver_src_stm32f4xx_exti.c.o
 .debug_info    0x0000031b      0x9be ./Debug/driver_src_stm32f4xx_usart.c.o
 .debug_info    0x00000cd9      0xb71 ./Debug/driver_src_stm32f4xx_can.c.o
 .debug_info    0x0000184a      0x608 ./Debug/driver_src_stm32f4xx_gpio.c.o
 .debug_info    0x00001e52      0x284 ./Debug/driver_src_stm32f4xx_syscfg.c.o
 .debug_info    0x000020d6      0xa14 ./Debug/sciTinyTimber.c.o
 .debug_info    0x00002aea     0x18bd ./Debug/TinyTimber.c.o
 .debug_info    0x000043a7      0x61b ./Debug/driver_src_stm32f4xx_dac.c.o
 .debug_info    0x000049c2      0xda3 ./Debug/driver_src_stm32f4xx_rcc.c.o
 .debug_info    0x00005765     0x1bf1 ./Debug/driver_src_stm32f4xx_tim.c.o
 .debug_info    0x00007356      0xc29 ./Debug/startup.c.o
 .debug_info    0x00007f7f      0xf7e ./Debug/application.c.o
 .debug_info    0x00008efd      0xe78 ./Debug/canTinyTimber.c.o

.debug_abbrev   0x00000000     0x1f55
 .debug_abbrev  0x00000000      0x1d1 ./Debug/driver_src_stm32f4xx_exti.c.o
 .debug_abbrev  0x000001d1      0x1af ./Debug/driver_src_stm32f4xx_usart.c.o
 .debug_abbrev  0x00000380      0x240 ./Debug/driver_src_stm32f4xx_can.c.o
 .debug_abbrev  0x000005c0      0x1ec ./Debug/driver_src_stm32f4xx_gpio.c.o
 .debug_abbrev  0x000007ac      0x161 ./Debug/driver_src_stm32f4xx_syscfg.c.o
 .debug_abbrev  0x0000090d      0x2c0 ./Debug/sciTinyTimber.c.o
 .debug_abbrev  0x00000bcd      0x535 ./Debug/TinyTimber.c.o
 .debug_abbrev  0x00001102      0x1c0 ./Debug/driver_src_stm32f4xx_dac.c.o
 .debug_abbrev  0x000012c2      0x1df ./Debug/driver_src_stm32f4xx_rcc.c.o
 .debug_abbrev  0x000014a1      0x1cc ./Debug/driver_src_stm32f4xx_tim.c.o
 .debug_abbrev  0x0000166d      0x2c3 ./Debug/startup.c.o
 .debug_abbrev  0x00001930      0x35d ./Debug/application.c.o
 .debug_abbrev  0x00001c8d      0x2c8 ./Debug/canTinyTimber.c.o

.debug_aranges  0x00000000      0x1a8
 .debug_aranges
                0x00000000       0x20 ./Debug/driver_src_stm32f4xx_exti.c.o
 .debug_aranges
                0x00000020       0x20 ./Debug/driver_src_stm32f4xx_usart.c.o
 .debug_aranges
                0x00000040       0x20 ./Debug/driver_src_stm32f4xx_can.c.o
 .debug_aranges
                0x00000060       0x20 ./Debug/driver_src_stm32f4xx_gpio.c.o
 .debug_aranges
                0x00000080       0x20 ./Debug/driver_src_stm32f4xx_syscfg.c.o
 .debug_aranges
                0x000000a0       0x20 ./Debug/sciTinyTimber.c.o
 .debug_aranges
                0x000000c0       0x20 ./Debug/TinyTimber.c.o
 .debug_aranges
                0x000000e0       0x20 ./Debug/driver_src_stm32f4xx_dac.c.o
 .debug_aranges
                0x00000100       0x20 ./Debug/driver_src_stm32f4xx_rcc.c.o
 .debug_aranges
                0x00000120       0x20 ./Debug/driver_src_stm32f4xx_tim.c.o
 .debug_aranges
                0x00000140       0x28 ./Debug/startup.c.o
 .debug_aranges
                0x00000168       0x20 ./Debug/application.c.o
 .debug_aranges
                0x00000188       0x20 ./Debug/canTinyTimber.c.o

.debug_line     0x00000000     0x4ae0
 .debug_line    0x00000000      0x2e8 ./Debug/driver_src_stm32f4xx_exti.c.o
 .debug_line    0x000002e8      0x5c6 ./Debug/driver_src_stm32f4xx_usart.c.o
 .debug_line    0x000008ae      0x9a5 ./Debug/driver_src_stm32f4xx_can.c.o
 .debug_line    0x00001253      0x414 ./Debug/driver_src_stm32f4xx_gpio.c.o
 .debug_line    0x00001667      0x241 ./Debug/driver_src_stm32f4xx_syscfg.c.o
 .debug_line    0x000018a8      0x2ee ./Debug/sciTinyTimber.c.o
 .debug_line    0x00001b96      0xa7d ./Debug/TinyTimber.c.o
 .debug_line    0x00002613      0x3d1 ./Debug/driver_src_stm32f4xx_dac.c.o
 .debug_line    0x000029e4      0x7bc ./Debug/driver_src_stm32f4xx_rcc.c.o
 .debug_line    0x000031a0      0xc35 ./Debug/driver_src_stm32f4xx_tim.c.o
 .debug_line    0x00003dd5      0x38c ./Debug/startup.c.o
 .debug_line    0x00004161      0x577 ./Debug/application.c.o
 .debug_line    0x000046d8      0x408 ./Debug/canTinyTimber.c.o

.debug_str      0x00000000     0x3506
 .debug_str     0x00000000      0x2c8 ./Debug/driver_src_stm32f4xx_exti.c.o
                                0x329 (size before relaxing)
 .debug_str     0x000002c8      0x527 ./Debug/driver_src_stm32f4xx_usart.c.o
                                0x6ac (size before relaxing)
 .debug_str     0x000007ef      0x51d ./Debug/driver_src_stm32f4xx_can.c.o
                                0x732 (size before relaxing)
 .debug_str     0x00000d0c      0x32c ./Debug/driver_src_stm32f4xx_gpio.c.o
                                0x4a7 (size before relaxing)
 .debug_str     0x00001038      0x170 ./Debug/driver_src_stm32f4xx_syscfg.c.o
                                0x302 (size before relaxing)
 .debug_str     0x000011a8      0x696 ./Debug/sciTinyTimber.c.o
                                0x8d1 (size before relaxing)
 .debug_str     0x0000183e      0x49e ./Debug/TinyTimber.c.o
                                0xd32 (size before relaxing)
 .debug_str     0x00001cdc      0x293 ./Debug/driver_src_stm32f4xx_dac.c.o
                                0x447 (size before relaxing)
 .debug_str     0x00001f6f      0x6c4 ./Debug/driver_src_stm32f4xx_rcc.c.o
                                0x972 (size before relaxing)
 .debug_str     0x00002633      0x9ed ./Debug/driver_src_stm32f4xx_tim.c.o
                                0xddb (size before relaxing)
 .debug_str     0x00003020      0x125 ./Debug/startup.c.o
                                0x8af (size before relaxing)
 .debug_str     0x00003145      0x376 ./Debug/application.c.o
                                0x732 (size before relaxing)
 .debug_str     0x000034bb       0x4b ./Debug/canTinyTimber.c.o
                                0xa78 (size before relaxing)

.comment        0x00000000       0x45
 .comment       0x00000000       0x45 ./Debug/driver_src_stm32f4xx_exti.c.o
                                 0x46 (size before relaxing)
 .comment       0x00000045       0x46 ./Debug/driver_src_stm32f4xx_usart.c.o
 .comment       0x00000045       0x46 ./Debug/driver_src_stm32f4xx_can.c.o
 .comment       0x00000045       0x46 ./Debug/driver_src_stm32f4xx_gpio.c.o
 .comment       0x00000045       0x46 ./Debug/driver_src_stm32f4xx_syscfg.c.o
 .comment       0x00000045       0x46 ./Debug/sciTinyTimber.c.o
 .comment       0x00000045       0x46 ./Debug/TinyTimber.c.o
 .comment       0x00000045       0x46 ./Debug/driver_src_stm32f4xx_dac.c.o
 .comment       0x00000045       0x46 ./Debug/driver_src_stm32f4xx_rcc.c.o
 .comment       0x00000045       0x46 ./Debug/driver_src_stm32f4xx_tim.c.o
 .comment       0x00000045       0x46 ./Debug/startup.c.o
 .comment       0x00000045       0x46 ./Debug/application.c.o
 .comment       0x00000045       0x46 ./Debug/canTinyTimber.c.o

.ARM.attributes
                0x00000000       0x32
 .ARM.attributes
                0x00000000       0x34 ./Debug/driver_src_stm32f4xx_exti.c.o
 .ARM.attributes
                0x00000034       0x34 ./Debug/driver_src_stm32f4xx_usart.c.o
 .ARM.attributes
                0x00000068       0x34 ./Debug/driver_src_stm32f4xx_can.c.o
 .ARM.attributes
                0x0000009c       0x34 ./Debug/driver_src_stm32f4xx_gpio.c.o
 .ARM.attributes
                0x000000d0       0x25 ./Debug/dispatch.s.o
 .ARM.attributes
                0x000000f5       0x34 ./Debug/driver_src_stm32f4xx_syscfg.c.o
 .ARM.attributes
                0x00000129       0x34 ./Debug/sciTinyTimber.c.o
 .ARM.attributes
                0x0000015d       0x34 ./Debug/TinyTimber.c.o
 .ARM.attributes
                0x00000191       0x34 ./Debug/driver_src_stm32f4xx_dac.c.o
 .ARM.attributes
                0x000001c5       0x34 ./Debug/driver_src_stm32f4xx_rcc.c.o
 .ARM.attributes
                0x000001f9       0x34 ./Debug/driver_src_stm32f4xx_tim.c.o
 .ARM.attributes
                0x0000022d       0x34 ./Debug/startup.c.o
 .ARM.attributes
                0x00000261       0x34 ./Debug/application.c.o
 .ARM.attributes
                0x00000295       0x34 ./Debug/canTinyTimber.c.o
 .ARM.attributes
                0x000002c9       0x34 /Applications/ArmGNUToolchain/12.3.rel1/arm-none-eabi/bin/../lib/gcc/arm-none-eabi/12.3.1/../../../../arm-none-eabi/lib/thumb/v7e-m+fp/hard/libc_nano.a(libc_a-atoi.o)
 .ARM.attributes
                0x000002fd       0x34 /Applications/ArmGNUToolchain/12.3.rel1/arm-none-eabi/bin/../lib/gcc/arm-none-eabi/12.3.1/../../../../arm-none-eabi/lib/thumb/v7e-m+fp/hard/libc_nano.a(libc_a-snprintf.o)
 .ARM.attributes
                0x00000331       0x34 /Applications/ArmGNUToolchain/12.3.rel1/arm-none-eabi/bin/../lib/gcc/arm-none-eabi/12.3.1/../../../../arm-none-eabi/lib/thumb/v7e-m+fp/hard/libc_nano.a(libc_a-strtol.o)
 .ARM.attributes
                0x00000365       0x34 /Applications/ArmGNUToolchain/12.3.rel1/arm-none-eabi/bin/../lib/gcc/arm-none-eabi/12.3.1/../../../../arm-none-eabi/lib/thumb/v7e-m+fp/hard/libc_nano.a(libc_a-impure.o)
 .ARM.attributes
                0x00000399       0x34 /Applications/ArmGNUToolchain/12.3.rel1/arm-none-eabi/bin/../lib/gcc/arm-none-eabi/12.3.1/../../../../arm-none-eabi/lib/thumb/v7e-m+fp/hard/libc_nano.a(libc_a-errno.o)
 .ARM.attributes
                0x000003cd       0x34 /Applications/ArmGNUToolchain/12.3.rel1/arm-none-eabi/bin/../lib/gcc/arm-none-eabi/12.3.1/../../../../arm-none-eabi/lib/thumb/v7e-m+fp/hard/libc_nano.a(libc_a-ctype_.o)
 .ARM.attributes
                0x00000401       0x34 /Applications/ArmGNUToolchain/12.3.rel1/arm-none-eabi/bin/../lib/gcc/arm-none-eabi/12.3.1/../../../../arm-none-eabi/lib/thumb/v7e-m+fp/hard/libc_nano.a(libc_a-nano-svfprintf.o)
 .ARM.attributes
                0x00000435       0x34 /Applications/ArmGNUToolchain/12.3.rel1/arm-none-eabi/bin/../lib/gcc/arm-none-eabi/12.3.1/../../../../arm-none-eabi/lib/thumb/v7e-m+fp/hard/libc_nano.a(libc_a-mallocr.o)
 .ARM.attributes
                0x00000469       0x34 /Applications/ArmGNUToolchain/12.3.rel1/arm-none-eabi/bin/../lib/gcc/arm-none-eabi/12.3.1/../../../../arm-none-eabi/lib/thumb/v7e-m+fp/hard/libc_nano.a(libc_a-nano-vfprintf_i.o)
 .ARM.attributes
                0x0000049d       0x34 /Applications/ArmGNUToolchain/12.3.rel1/arm-none-eabi/bin/../lib/gcc/arm-none-eabi/12.3.1/../../../../arm-none-eabi/lib/thumb/v7e-m+fp/hard/libc_nano.a(libc_a-mlock.o)
 .ARM.attributes
                0x000004d1       0x34 /Applications/ArmGNUToolchain/12.3.rel1/arm-none-eabi/bin/../lib/gcc/arm-none-eabi/12.3.1/../../../../arm-none-eabi/lib/thumb/v7e-m+fp/hard/libc_nano.a(libc_a-reallocr.o)
 .ARM.attributes
                0x00000505       0x34 /Applications/ArmGNUToolchain/12.3.rel1/arm-none-eabi/bin/../lib/gcc/arm-none-eabi/12.3.1/../../../../arm-none-eabi/lib/thumb/v7e-m+fp/hard/libc_nano.a(libc_a-memmove.o)
 .ARM.attributes
                0x00000539       0x34 /Applications/ArmGNUToolchain/12.3.rel1/arm-none-eabi/bin/../lib/gcc/arm-none-eabi/12.3.1/../../../../arm-none-eabi/lib/thumb/v7e-m+fp/hard/libc_nano.a(libc_a-sbrkr.o)
 .ARM.attributes
                0x0000056d       0x34 /Applications/ArmGNUToolchain/12.3.rel1/arm-none-eabi/bin/../lib/gcc/arm-none-eabi/12.3.1/../../../../arm-none-eabi/lib/thumb/v7e-m+fp/hard/libc_nano.a(libc_a-lock.o)
 .ARM.attributes
                0x000005a1       0x1c /Applications/ArmGNUToolchain/12.3.rel1/arm-none-eabi/bin/../lib/gcc/arm-none-eabi/12.3.1/../../../../arm-none-eabi/lib/thumb/v7e-m+fp/hard/libc_nano.a(libc_a-memchr.o)
 .ARM.attributes
                0x000005bd       0x34 /Applications/ArmGNUToolchain/12.3.rel1/arm-none-eabi/bin/../lib/gcc/arm-none-eabi/12.3.1/../../../../arm-none-eabi/lib/thumb/v7e-m+fp/hard/libc_nano.a(libc_a-memcpy-stub.o)
 .ARM.attributes
                0x000005f1       0x34 /Applications/ArmGNUToolchain/12.3.rel1/arm-none-eabi/bin/../lib/gcc/arm-none-eabi/12.3.1/../../../../arm-none-eabi/lib/thumb/v7e-m+fp/hard/libc_nano.a(libc_a-freer.o)
 .ARM.attributes
                0x00000625       0x34 /Applications/ArmGNUToolchain/12.3.rel1/arm-none-eabi/bin/../lib/gcc/arm-none-eabi/12.3.1/../../../../arm-none-eabi/lib/thumb/v7e-m+fp/hard/libc_nano.a(libc_a-msizer.o)
 .ARM.attributes
                0x00000659       0x34 /Applications/ArmGNUToolchain/12.3.rel1/arm-none-eabi/bin/../lib/gcc/arm-none-eabi/12.3.1/../../../../arm-none-eabi/lib/thumb/v7e-m+fp/hard/libc_nano.a(libc_a-reent.o)

.debug_frame    0x00000000     0x36b4
 .debug_frame   0x00000000      0x148 ./Debug/driver_src_stm32f4xx_exti.c.o
 .debug_frame   0x00000148      0x490 ./Debug/driver_src_stm32f4xx_usart.c.o
 .debug_frame   0x000005d8      0x3f8 ./Debug/driver_src_stm32f4xx_can.c.o
 .debug_frame   0x000009d0      0x23c ./Debug/driver_src_stm32f4xx_gpio.c.o
 .debug_frame   0x00000c0c      0x11c ./Debug/driver_src_stm32f4xx_syscfg.c.o
 .debug_frame   0x00000d28      0x11c ./Debug/sciTinyTimber.c.o
 .debug_frame   0x00000e44      0x57c ./Debug/TinyTimber.c.o
 .debug_frame   0x000013c0      0x2ac ./Debug/driver_src_stm32f4xx_dac.c.o
 .debug_frame   0x0000166c      0x814 ./Debug/driver_src_stm32f4xx_rcc.c.o
 .debug_frame   0x00001e80      0xe54 ./Debug/driver_src_stm32f4xx_tim.c.o
 .debug_frame   0x00002cd4      0x14c ./Debug/startup.c.o
 .debug_frame   0x00002e20      0x2fc ./Debug/application.c.o
 .debug_frame   0x0000311c      0x100 ./Debug/canTinyTimber.c.o
 .debug_frame   0x0000321c       0x30 /Applications/ArmGNUToolchain/12.3.rel1/arm-none-eabi/bin/../lib/gcc/arm-none-eabi/12.3.1/../../../../arm-none-eabi/lib/thumb/v7e-m+fp/hard/libc_nano.a(libc_a-atoi.o)
 .debug_frame   0x0000324c       0x7c /Applications/ArmGNUToolchain/12.3.rel1/arm-none-eabi/bin/../lib/gcc/arm-none-eabi/12.3.1/../../../../arm-none-eabi/lib/thumb/v7e-m+fp/hard/libc_nano.a(libc_a-snprintf.o)
 .debug_frame   0x000032c8       0x64 /Applications/ArmGNUToolchain/12.3.rel1/arm-none-eabi/bin/../lib/gcc/arm-none-eabi/12.3.1/../../../../arm-none-eabi/lib/thumb/v7e-m+fp/hard/libc_nano.a(libc_a-strtol.o)
 .debug_frame   0x0000332c       0x20 /Applications/ArmGNUToolchain/12.3.rel1/arm-none-eabi/bin/../lib/gcc/arm-none-eabi/12.3.1/../../../../arm-none-eabi/lib/thumb/v7e-m+fp/hard/libc_nano.a(libc_a-errno.o)
 .debug_frame   0x0000334c       0x90 /Applications/ArmGNUToolchain/12.3.rel1/arm-none-eabi/bin/../lib/gcc/arm-none-eabi/12.3.1/../../../../arm-none-eabi/lib/thumb/v7e-m+fp/hard/libc_nano.a(libc_a-nano-svfprintf.o)
 .debug_frame   0x000033dc       0x50 /Applications/ArmGNUToolchain/12.3.rel1/arm-none-eabi/bin/../lib/gcc/arm-none-eabi/12.3.1/../../../../arm-none-eabi/lib/thumb/v7e-m+fp/hard/libc_nano.a(libc_a-mallocr.o)
 .debug_frame   0x0000342c       0x60 /Applications/ArmGNUToolchain/12.3.rel1/arm-none-eabi/bin/../lib/gcc/arm-none-eabi/12.3.1/../../../../arm-none-eabi/lib/thumb/v7e-m+fp/hard/libc_nano.a(libc_a-nano-vfprintf_i.o)
 .debug_frame   0x0000348c       0x30 /Applications/ArmGNUToolchain/12.3.rel1/arm-none-eabi/bin/../lib/gcc/arm-none-eabi/12.3.1/../../../../arm-none-eabi/lib/thumb/v7e-m+fp/hard/libc_nano.a(libc_a-mlock.o)
 .debug_frame   0x000034bc       0x3c /Applications/ArmGNUToolchain/12.3.rel1/arm-none-eabi/bin/../lib/gcc/arm-none-eabi/12.3.1/../../../../arm-none-eabi/lib/thumb/v7e-m+fp/hard/libc_nano.a(libc_a-reallocr.o)
 .debug_frame   0x000034f8       0x28 /Applications/ArmGNUToolchain/12.3.rel1/arm-none-eabi/bin/../lib/gcc/arm-none-eabi/12.3.1/../../../../arm-none-eabi/lib/thumb/v7e-m+fp/hard/libc_nano.a(libc_a-memmove.o)
 .debug_frame   0x00003520       0x2c /Applications/ArmGNUToolchain/12.3.rel1/arm-none-eabi/bin/../lib/gcc/arm-none-eabi/12.3.1/../../../../arm-none-eabi/lib/thumb/v7e-m+fp/hard/libc_nano.a(libc_a-sbrkr.o)
 .debug_frame   0x0000354c       0xb0 /Applications/ArmGNUToolchain/12.3.rel1/arm-none-eabi/bin/../lib/gcc/arm-none-eabi/12.3.1/../../../../arm-none-eabi/lib/thumb/v7e-m+fp/hard/libc_nano.a(libc_a-lock.o)
 .debug_frame   0x000035fc       0x28 /Applications/ArmGNUToolchain/12.3.rel1/arm-none-eabi/bin/../lib/gcc/arm-none-eabi/12.3.1/../../../../arm-none-eabi/lib/thumb/v7e-m+fp/hard/libc_nano.a(libc_a-memcpy-stub.o)
 .debug_frame   0x00003624       0x38 /Applications/ArmGNUToolchain/12.3.rel1/arm-none-eabi/bin/../lib/gcc/arm-none-eabi/12.3.1/../../../../arm-none-eabi/lib/thumb/v7e-m+fp/hard/libc_nano.a(libc_a-freer.o)
 .debug_frame   0x0000365c       0x20 /Applications/ArmGNUToolchain/12.3.rel1/arm-none-eabi/bin/../lib/gcc/arm-none-eabi/12.3.1/../../../../arm-none-eabi/lib/thumb/v7e-m+fp/hard/libc_nano.a(libc_a-msizer.o)
 .debug_frame   0x0000367c       0x38 /Applications/ArmGNUToolchain/12.3.rel1/arm-none-eabi/bin/../lib/gcc/arm-none-eabi/12.3.1/../../../../arm-none-eabi/lib/thumb/v7e-m+fp/hard/libc_nano.a(libc_a-reent.o)

.debug_rnglists
                0x00000000       0x31
 .debug_rnglists
                0x00000000       0x1a ./Debug/startup.c.o
 .debug_rnglists
                0x0000001a       0x17 ./Debug/application.c.o

.debug_line_str
                0x00000000       0xea
 .debug_line_str
                0x00000000       0xea /Applications/ArmGNUToolchain/12.3.rel1/arm-none-eabi/bin/../lib/gcc/arm-none-eabi/12.3.1/../../../../arm-none-eabi/lib/thumb/v7e-m+fp/hard/libc_nano.a(libc_a-memchr.o)

Cross Reference Table

Symbol                                            File
ABORT                                             ./Debug/TinyTimber.c.o
CAN_CancelTransmit                                ./Debug/driver_src_stm32f4xx_can.c.o
CAN_ClearFlag                                     ./Debug/driver_src_stm32f4xx_can.c.o
CAN_ClearITPendingBit                             ./Debug/driver_src_stm32f4xx_can.c.o
CAN_DBGFreeze                                     ./Debug/driver_src_stm32f4xx_can.c.o
CAN_DeInit                                        ./Debug/driver_src_stm32f4xx_can.c.o
                                                  ./Debug/startup.c.o
CAN_FIFORelease                                   ./Debug/driver_src_stm32f4xx_can.c.o
CAN_FilterInit                                    ./Debug/driver_src_stm32f4xx_can.c.o
                                                  ./Debug/startup.c.o
CAN_GetFlagStatus                                 ./Debug/driver_src_stm32f4xx_can.c.o
                                                  ./Debug/canTinyTimber.c.o
CAN_GetITStatus                                   ./Debug/driver_src_stm32f4xx_can.c.o
CAN_GetLSBTransmitErrorCounter                    ./Debug/driver_src_stm32f4xx_can.c.o
CAN_GetLastErrorCode                              ./Debug/driver_src_stm32f4xx_can.c.o
CAN_GetReceiveErrorCounter                        ./Debug/driver_src_stm32f4xx_can.c.o
CAN_ITConfig                                      ./Debug/driver_src_stm32f4xx_can.c.o
                                                  ./Debug/canTinyTimber.c.o
CAN_Init                                          ./Debug/driver_src_stm32f4xx_can.c.o
                                                  ./Debug/canTinyTimber.c.o
CAN_MessagePending                                ./Debug/driver_src_stm32f4xx_can.c.o
CAN_OperatingModeRequest                          ./Debug/driver_src_stm32f4xx_can.c.o
CAN_Receive                                       ./Debug/driver_src_stm32f4xx_can.c.o
                                                  ./Debug/canTinyTimber.c.o
CAN_SlaveStartBank                                ./Debug/driver_src_stm32f4xx_can.c.o
CAN_Sleep                                         ./Debug/driver_src_stm32f4xx_can.c.o
CAN_StructInit                                    ./Debug/driver_src_stm32f4xx_can.c.o
                                                  ./Debug/canTinyTimber.c.o
CAN_TTComModeCmd                                  ./Debug/driver_src_stm32f4xx_can.c.o
CAN_Transmit                                      ./Debug/driver_src_stm32f4xx_can.c.o
                                                  ./Debug/canTinyTimber.c.o
CAN_TransmitStatus                                ./Debug/driver_src_stm32f4xx_can.c.o
CAN_WakeUp                                        ./Debug/driver_src_stm32f4xx_can.c.o
CURRENT_OFFSET                                    ./Debug/TinyTimber.c.o
DAC_ADDRESS                                       ./Debug/application.c.o
DAC_ClearFlag                                     ./Debug/driver_src_stm32f4xx_dac.c.o
DAC_ClearITPendingBit                             ./Debug/driver_src_stm32f4xx_dac.c.o
DAC_Cmd                                           ./Debug/driver_src_stm32f4xx_dac.c.o
                                                  ./Debug/startup.c.o
DAC_DMACmd                                        ./Debug/driver_src_stm32f4xx_dac.c.o
DAC_DeInit                                        ./Debug/driver_src_stm32f4xx_dac.c.o
                                                  ./Debug/startup.c.o
DAC_DualSoftwareTriggerCmd                        ./Debug/driver_src_stm32f4xx_dac.c.o
DAC_GetDataOutputValue                            ./Debug/driver_src_stm32f4xx_dac.c.o
DAC_GetFlagStatus                                 ./Debug/driver_src_stm32f4xx_dac.c.o
DAC_GetITStatus                                   ./Debug/driver_src_stm32f4xx_dac.c.o
DAC_ITConfig                                      ./Debug/driver_src_stm32f4xx_dac.c.o
DAC_Init                                          ./Debug/driver_src_stm32f4xx_dac.c.o
                                                  ./Debug/startup.c.o
DAC_SetChannel1Data                               ./Debug/driver_src_stm32f4xx_dac.c.o
DAC_SetChannel2Data                               ./Debug/driver_src_stm32f4xx_dac.c.o
                                                  ./Debug/startup.c.o
DAC_SetDualChannelData                            ./Debug/driver_src_stm32f4xx_dac.c.o
DAC_SoftwareTriggerCmd                            ./Debug/driver_src_stm32f4xx_dac.c.o
DAC_StructInit                                    ./Debug/driver_src_stm32f4xx_dac.c.o
                                                  ./Debug/startup.c.o
DAC_WaveGenerationCmd                             ./Debug/driver_src_stm32f4xx_dac.c.o
DUMP                                              ./Debug/TinyTimber.c.o
                                                  ./Debug/canTinyTimber.c.o
                                                  ./Debug/dispatch.s.o
DUMPC                                             ./Debug/TinyTimber.c.o
DUMPD                                             ./Debug/TinyTimber.c.o
                                                  ./Debug/dispatch.s.o
DUMPH                                             ./Debug/TinyTimber.c.o
                                                  ./Debug/dispatch.s.o
EXTI_ClearFlag                                    ./Debug/driver_src_stm32f4xx_exti.c.o
EXTI_ClearITPendingBit                            ./Debug/driver_src_stm32f4xx_exti.c.o
EXTI_DeInit                                       ./Debug/driver_src_stm32f4xx_exti.c.o
                                                  ./Debug/startup.c.o
EXTI_GenerateSWInterrupt                          ./Debug/driver_src_stm32f4xx_exti.c.o
EXTI_GetFlagStatus                                ./Debug/driver_src_stm32f4xx_exti.c.o
EXTI_GetITStatus                                  ./Debug/driver_src_stm32f4xx_exti.c.o
EXTI_Init                                         ./Debug/driver_src_stm32f4xx_exti.c.o
                                                  ./Debug/startup.c.o
EXTI_StructInit                                   ./Debug/driver_src_stm32f4xx_exti.c.o
                                                  ./Debug/startup.c.o
FREQUENCY_PERIODS                                 ./Debug/application.c.o
GPIO_DeInit                                       ./Debug/driver_src_stm32f4xx_gpio.c.o
                                                  ./Debug/startup.c.o
GPIO_Init                                         ./Debug/driver_src_stm32f4xx_gpio.c.o
                                                  ./Debug/startup.c.o
GPIO_PinAFConfig                                  ./Debug/driver_src_stm32f4xx_gpio.c.o
                                                  ./Debug/startup.c.o
GPIO_PinLockConfig                                ./Debug/driver_src_stm32f4xx_gpio.c.o
GPIO_ReadInputData                                ./Debug/driver_src_stm32f4xx_gpio.c.o
GPIO_ReadInputDataBit                             ./Debug/driver_src_stm32f4xx_gpio.c.o
GPIO_ReadOutputData                               ./Debug/driver_src_stm32f4xx_gpio.c.o
GPIO_ReadOutputDataBit                            ./Debug/driver_src_stm32f4xx_gpio.c.o
GPIO_ResetBits                                    ./Debug/driver_src_stm32f4xx_gpio.c.o
GPIO_SetBits                                      ./Debug/driver_src_stm32f4xx_gpio.c.o
GPIO_StructInit                                   ./Debug/driver_src_stm32f4xx_gpio.c.o
                                                  ./Debug/startup.c.o
GPIO_ToggleBits                                   ./Debug/driver_src_stm32f4xx_gpio.c.o
GPIO_Write                                        ./Debug/driver_src_stm32f4xx_gpio.c.o
GPIO_WriteBit                                     ./Debug/driver_src_stm32f4xx_gpio.c.o
                                                  ./Debug/startup.c.o
                                                  ./Debug/TinyTimber.c.o
MELODY_BEATS                                      ./Debug/application.c.o
MELODY_FREQUENCY_INDICES                          ./Debug/application.c.o
RCC_AHB1PeriphClockCmd                            ./Debug/driver_src_stm32f4xx_rcc.c.o
                                                  ./Debug/startup.c.o
RCC_AHB1PeriphClockLPModeCmd                      ./Debug/driver_src_stm32f4xx_rcc.c.o
RCC_AHB1PeriphResetCmd                            ./Debug/driver_src_stm32f4xx_rcc.c.o
                                                  ./Debug/driver_src_stm32f4xx_gpio.c.o
RCC_AHB2PeriphClockCmd                            ./Debug/driver_src_stm32f4xx_rcc.c.o
RCC_AHB2PeriphClockLPModeCmd                      ./Debug/driver_src_stm32f4xx_rcc.c.o
RCC_AHB2PeriphResetCmd                            ./Debug/driver_src_stm32f4xx_rcc.c.o
RCC_AHB3PeriphClockCmd                            ./Debug/driver_src_stm32f4xx_rcc.c.o
RCC_AHB3PeriphClockLPModeCmd                      ./Debug/driver_src_stm32f4xx_rcc.c.o
RCC_AHB3PeriphResetCmd                            ./Debug/driver_src_stm32f4xx_rcc.c.o
RCC_APB1PeriphClockCmd                            ./Debug/driver_src_stm32f4xx_rcc.c.o
                                                  ./Debug/startup.c.o
RCC_APB1PeriphClockLPModeCmd                      ./Debug/driver_src_stm32f4xx_rcc.c.o
                                                  ./Debug/startup.c.o
RCC_APB1PeriphResetCmd                            ./Debug/driver_src_stm32f4xx_rcc.c.o
                                                  ./Debug/driver_src_stm32f4xx_tim.c.o
                                                  ./Debug/driver_src_stm32f4xx_dac.c.o
                                                  ./Debug/driver_src_stm32f4xx_can.c.o
                                                  ./Debug/driver_src_stm32f4xx_usart.c.o
RCC_APB2PeriphClockCmd                            ./Debug/driver_src_stm32f4xx_rcc.c.o
                                                  ./Debug/startup.c.o
RCC_APB2PeriphClockLPModeCmd                      ./Debug/driver_src_stm32f4xx_rcc.c.o
RCC_APB2PeriphResetCmd                            ./Debug/driver_src_stm32f4xx_rcc.c.o
                                                  ./Debug/driver_src_stm32f4xx_tim.c.o
                                                  ./Debug/driver_src_stm32f4xx_syscfg.c.o
                                                  ./Debug/driver_src_stm32f4xx_usart.c.o
RCC_AdjustHSICalibrationValue                     ./Debug/driver_src_stm32f4xx_rcc.c.o
RCC_BackupResetCmd                                ./Debug/driver_src_stm32f4xx_rcc.c.o
RCC_ClearFlag                                     ./Debug/driver_src_stm32f4xx_rcc.c.o
RCC_ClearITPendingBit                             ./Debug/driver_src_stm32f4xx_rcc.c.o
RCC_ClockSecuritySystemCmd                        ./Debug/driver_src_stm32f4xx_rcc.c.o
RCC_DeInit                                        ./Debug/driver_src_stm32f4xx_rcc.c.o
RCC_GetClocksFreq                                 ./Debug/driver_src_stm32f4xx_rcc.c.o
                                                  ./Debug/driver_src_stm32f4xx_usart.c.o
RCC_GetFlagStatus                                 ./Debug/driver_src_stm32f4xx_rcc.c.o
RCC_GetITStatus                                   ./Debug/driver_src_stm32f4xx_rcc.c.o
RCC_GetSYSCLKSource                               ./Debug/driver_src_stm32f4xx_rcc.c.o
RCC_HCLKConfig                                    ./Debug/driver_src_stm32f4xx_rcc.c.o
RCC_HSEConfig                                     ./Debug/driver_src_stm32f4xx_rcc.c.o
RCC_HSICmd                                        ./Debug/driver_src_stm32f4xx_rcc.c.o
RCC_I2SCLKConfig                                  ./Debug/driver_src_stm32f4xx_rcc.c.o
RCC_ITConfig                                      ./Debug/driver_src_stm32f4xx_rcc.c.o
RCC_LSEConfig                                     ./Debug/driver_src_stm32f4xx_rcc.c.o
RCC_LSICmd                                        ./Debug/driver_src_stm32f4xx_rcc.c.o
RCC_LTDCCLKDivConfig                              ./Debug/driver_src_stm32f4xx_rcc.c.o
RCC_MCO1Config                                    ./Debug/driver_src_stm32f4xx_rcc.c.o
RCC_MCO2Config                                    ./Debug/driver_src_stm32f4xx_rcc.c.o
RCC_PCLK1Config                                   ./Debug/driver_src_stm32f4xx_rcc.c.o
RCC_PCLK2Config                                   ./Debug/driver_src_stm32f4xx_rcc.c.o
RCC_PLLCmd                                        ./Debug/driver_src_stm32f4xx_rcc.c.o
RCC_PLLConfig                                     ./Debug/driver_src_stm32f4xx_rcc.c.o
RCC_PLLI2SCmd                                     ./Debug/driver_src_stm32f4xx_rcc.c.o
RCC_PLLI2SConfig                                  ./Debug/driver_src_stm32f4xx_rcc.c.o
RCC_PLLSAICmd                                     ./Debug/driver_src_stm32f4xx_rcc.c.o
RCC_PLLSAIConfig                                  ./Debug/driver_src_stm32f4xx_rcc.c.o
RCC_RTCCLKCmd                                     ./Debug/driver_src_stm32f4xx_rcc.c.o
RCC_RTCCLKConfig                                  ./Debug/driver_src_stm32f4xx_rcc.c.o
RCC_SAIBlockACLKConfig                            ./Debug/driver_src_stm32f4xx_rcc.c.o
RCC_SAIBlockBCLKConfig                            ./Debug/driver_src_stm32f4xx_rcc.c.o
RCC_SAIPLLI2SClkDivConfig                         ./Debug/driver_src_stm32f4xx_rcc.c.o
RCC_SAIPLLSAIClkDivConfig                         ./Debug/driver_src_stm32f4xx_rcc.c.o
RCC_SYSCLKConfig                                  ./Debug/driver_src_stm32f4xx_rcc.c.o
RCC_TIMCLKPresConfig                              ./Debug/driver_src_stm32f4xx_rcc.c.o
RCC_WaitForHSEStartUp                             ./Debug/driver_src_stm32f4xx_rcc.c.o
SETPC                                             ./Debug/TinyTimber.c.o
SETSTACK                                          ./Debug/TinyTimber.c.o
SYSCFG_CompensationCellCmd                        ./Debug/driver_src_stm32f4xx_syscfg.c.o
SYSCFG_DeInit                                     ./Debug/driver_src_stm32f4xx_syscfg.c.o
SYSCFG_ETH_MediaInterfaceConfig                   ./Debug/driver_src_stm32f4xx_syscfg.c.o
SYSCFG_EXTILineConfig                             ./Debug/driver_src_stm32f4xx_syscfg.c.o
                                                  ./Debug/startup.c.o
SYSCFG_GetCompensationCellStatus                  ./Debug/driver_src_stm32f4xx_syscfg.c.o
SYSCFG_MemoryRemapConfig                          ./Debug/driver_src_stm32f4xx_syscfg.c.o
SYSCFG_MemorySwappingBank                         ./Debug/driver_src_stm32f4xx_syscfg.c.o
TIMER_INIT                                        ./Debug/TinyTimber.c.o
TIM_ARRPreloadConfig                              ./Debug/driver_src_stm32f4xx_tim.c.o
TIM_BDTRConfig                                    ./Debug/driver_src_stm32f4xx_tim.c.o
TIM_BDTRStructInit                                ./Debug/driver_src_stm32f4xx_tim.c.o
TIM_CCPreloadControl                              ./Debug/driver_src_stm32f4xx_tim.c.o
TIM_CCxCmd                                        ./Debug/driver_src_stm32f4xx_tim.c.o
TIM_CCxNCmd                                       ./Debug/driver_src_stm32f4xx_tim.c.o
TIM_ClearFlag                                     ./Debug/driver_src_stm32f4xx_tim.c.o
TIM_ClearITPendingBit                             ./Debug/driver_src_stm32f4xx_tim.c.o
                                                  ./Debug/TinyTimber.c.o
TIM_ClearOC1Ref                                   ./Debug/driver_src_stm32f4xx_tim.c.o
TIM_ClearOC2Ref                                   ./Debug/driver_src_stm32f4xx_tim.c.o
TIM_ClearOC3Ref                                   ./Debug/driver_src_stm32f4xx_tim.c.o
TIM_ClearOC4Ref                                   ./Debug/driver_src_stm32f4xx_tim.c.o
TIM_Cmd                                           ./Debug/driver_src_stm32f4xx_tim.c.o
                                                  ./Debug/TinyTimber.c.o
TIM_CounterModeConfig                             ./Debug/driver_src_stm32f4xx_tim.c.o
TIM_CtrlPWMOutputs                                ./Debug/driver_src_stm32f4xx_tim.c.o
TIM_DMACmd                                        ./Debug/driver_src_stm32f4xx_tim.c.o
TIM_DMAConfig                                     ./Debug/driver_src_stm32f4xx_tim.c.o
TIM_DeInit                                        ./Debug/driver_src_stm32f4xx_tim.c.o
                                                  ./Debug/TinyTimber.c.o
TIM_ETRClockMode1Config                           ./Debug/driver_src_stm32f4xx_tim.c.o
TIM_ETRClockMode2Config                           ./Debug/driver_src_stm32f4xx_tim.c.o
TIM_ETRConfig                                     ./Debug/driver_src_stm32f4xx_tim.c.o
TIM_EncoderInterfaceConfig                        ./Debug/driver_src_stm32f4xx_tim.c.o
TIM_ForcedOC1Config                               ./Debug/driver_src_stm32f4xx_tim.c.o
TIM_ForcedOC2Config                               ./Debug/driver_src_stm32f4xx_tim.c.o
TIM_ForcedOC3Config                               ./Debug/driver_src_stm32f4xx_tim.c.o
TIM_ForcedOC4Config                               ./Debug/driver_src_stm32f4xx_tim.c.o
TIM_GenerateEvent                                 ./Debug/driver_src_stm32f4xx_tim.c.o
TIM_GetCapture1                                   ./Debug/driver_src_stm32f4xx_tim.c.o
TIM_GetCapture2                                   ./Debug/driver_src_stm32f4xx_tim.c.o
TIM_GetCapture3                                   ./Debug/driver_src_stm32f4xx_tim.c.o
TIM_GetCapture4                                   ./Debug/driver_src_stm32f4xx_tim.c.o
TIM_GetCounter                                    ./Debug/driver_src_stm32f4xx_tim.c.o
                                                  ./Debug/TinyTimber.c.o
TIM_GetFlagStatus                                 ./Debug/driver_src_stm32f4xx_tim.c.o
TIM_GetITStatus                                   ./Debug/driver_src_stm32f4xx_tim.c.o
TIM_GetPrescaler                                  ./Debug/driver_src_stm32f4xx_tim.c.o
TIM_ICInit                                        ./Debug/driver_src_stm32f4xx_tim.c.o
TIM_ICStructInit                                  ./Debug/driver_src_stm32f4xx_tim.c.o
TIM_ITConfig                                      ./Debug/driver_src_stm32f4xx_tim.c.o
                                                  ./Debug/TinyTimber.c.o
TIM_ITRxExternalClockConfig                       ./Debug/driver_src_stm32f4xx_tim.c.o
TIM_InternalClockConfig                           ./Debug/driver_src_stm32f4xx_tim.c.o
TIM_OC1FastConfig                                 ./Debug/driver_src_stm32f4xx_tim.c.o
TIM_OC1Init                                       ./Debug/driver_src_stm32f4xx_tim.c.o
TIM_OC1NPolarityConfig                            ./Debug/driver_src_stm32f4xx_tim.c.o
TIM_OC1PolarityConfig                             ./Debug/driver_src_stm32f4xx_tim.c.o
TIM_OC1PreloadConfig                              ./Debug/driver_src_stm32f4xx_tim.c.o
TIM_OC2FastConfig                                 ./Debug/driver_src_stm32f4xx_tim.c.o
TIM_OC2Init                                       ./Debug/driver_src_stm32f4xx_tim.c.o
TIM_OC2NPolarityConfig                            ./Debug/driver_src_stm32f4xx_tim.c.o
TIM_OC2PolarityConfig                             ./Debug/driver_src_stm32f4xx_tim.c.o
TIM_OC2PreloadConfig                              ./Debug/driver_src_stm32f4xx_tim.c.o
TIM_OC3FastConfig                                 ./Debug/driver_src_stm32f4xx_tim.c.o
TIM_OC3Init                                       ./Debug/driver_src_stm32f4xx_tim.c.o
TIM_OC3NPolarityConfig                            ./Debug/driver_src_stm32f4xx_tim.c.o
TIM_OC3PolarityConfig                             ./Debug/driver_src_stm32f4xx_tim.c.o
TIM_OC3PreloadConfig                              ./Debug/driver_src_stm32f4xx_tim.c.o
TIM_OC4FastConfig                                 ./Debug/driver_src_stm32f4xx_tim.c.o
TIM_OC4Init                                       ./Debug/driver_src_stm32f4xx_tim.c.o
TIM_OC4PolarityConfig                             ./Debug/driver_src_stm32f4xx_tim.c.o
TIM_OC4PreloadConfig                              ./Debug/driver_src_stm32f4xx_tim.c.o
TIM_OCStructInit                                  ./Debug/driver_src_stm32f4xx_tim.c.o
TIM_PWMIConfig                                    ./Debug/driver_src_stm32f4xx_tim.c.o
TIM_PrescalerConfig                               ./Debug/driver_src_stm32f4xx_tim.c.o
TIM_RemapConfig                                   ./Debug/driver_src_stm32f4xx_tim.c.o
TIM_SelectCCDMA                                   ./Debug/driver_src_stm32f4xx_tim.c.o
TIM_SelectCOM                                     ./Debug/driver_src_stm32f4xx_tim.c.o
TIM_SelectHallSensor                              ./Debug/driver_src_stm32f4xx_tim.c.o
TIM_SelectInputTrigger                            ./Debug/driver_src_stm32f4xx_tim.c.o
TIM_SelectMasterSlaveMode                         ./Debug/driver_src_stm32f4xx_tim.c.o
TIM_SelectOCxM                                    ./Debug/driver_src_stm32f4xx_tim.c.o
TIM_SelectOnePulseMode                            ./Debug/driver_src_stm32f4xx_tim.c.o
TIM_SelectOutputTrigger                           ./Debug/driver_src_stm32f4xx_tim.c.o
TIM_SelectSlaveMode                               ./Debug/driver_src_stm32f4xx_tim.c.o
TIM_SetAutoreload                                 ./Debug/driver_src_stm32f4xx_tim.c.o
TIM_SetClockDivision                              ./Debug/driver_src_stm32f4xx_tim.c.o
TIM_SetCompare1                                   ./Debug/driver_src_stm32f4xx_tim.c.o
                                                  ./Debug/TinyTimber.c.o
TIM_SetCompare2                                   ./Debug/driver_src_stm32f4xx_tim.c.o
TIM_SetCompare3                                   ./Debug/driver_src_stm32f4xx_tim.c.o
TIM_SetCompare4                                   ./Debug/driver_src_stm32f4xx_tim.c.o
TIM_SetCounter                                    ./Debug/driver_src_stm32f4xx_tim.c.o
                                                  ./Debug/TinyTimber.c.o
TIM_SetIC1Prescaler                               ./Debug/driver_src_stm32f4xx_tim.c.o
TIM_SetIC2Prescaler                               ./Debug/driver_src_stm32f4xx_tim.c.o
TIM_SetIC3Prescaler                               ./Debug/driver_src_stm32f4xx_tim.c.o
TIM_SetIC4Prescaler                               ./Debug/driver_src_stm32f4xx_tim.c.o
TIM_TIxExternalClockConfig                        ./Debug/driver_src_stm32f4xx_tim.c.o
TIM_TimeBaseInit                                  ./Debug/driver_src_stm32f4xx_tim.c.o
                                                  ./Debug/TinyTimber.c.o
TIM_TimeBaseStructInit                            ./Debug/driver_src_stm32f4xx_tim.c.o
                                                  ./Debug/TinyTimber.c.o
TIM_UpdateDisableConfig                           ./Debug/driver_src_stm32f4xx_tim.c.o
TIM_UpdateRequestConfig                           ./Debug/driver_src_stm32f4xx_tim.c.o
T_RESET                                           ./Debug/TinyTimber.c.o
T_SAMPLE                                          ./Debug/TinyTimber.c.o
USART_ClearFlag                                   ./Debug/driver_src_stm32f4xx_usart.c.o
USART_ClearITPendingBit                           ./Debug/driver_src_stm32f4xx_usart.c.o
USART_ClockInit                                   ./Debug/driver_src_stm32f4xx_usart.c.o
USART_ClockStructInit                             ./Debug/driver_src_stm32f4xx_usart.c.o
USART_Cmd                                         ./Debug/driver_src_stm32f4xx_usart.c.o
USART_DMACmd                                      ./Debug/driver_src_stm32f4xx_usart.c.o
USART_DeInit                                      ./Debug/driver_src_stm32f4xx_usart.c.o
USART_GetFlagStatus                               ./Debug/driver_src_stm32f4xx_usart.c.o
                                                  ./Debug/TinyTimber.c.o
                                                  ./Debug/sciTinyTimber.c.o
USART_GetITStatus                                 ./Debug/driver_src_stm32f4xx_usart.c.o
USART_HalfDuplexCmd                               ./Debug/driver_src_stm32f4xx_usart.c.o
USART_ITConfig                                    ./Debug/driver_src_stm32f4xx_usart.c.o
                                                  ./Debug/sciTinyTimber.c.o
USART_Init                                        ./Debug/driver_src_stm32f4xx_usart.c.o
USART_IrDACmd                                     ./Debug/driver_src_stm32f4xx_usart.c.o
USART_IrDAConfig                                  ./Debug/driver_src_stm32f4xx_usart.c.o
USART_LINBreakDetectLengthConfig                  ./Debug/driver_src_stm32f4xx_usart.c.o
USART_LINCmd                                      ./Debug/driver_src_stm32f4xx_usart.c.o
USART_OneBitMethodCmd                             ./Debug/driver_src_stm32f4xx_usart.c.o
USART_OverSampling8Cmd                            ./Debug/driver_src_stm32f4xx_usart.c.o